[part1] d=2 noiseless paper/lift_small/lift_best = 0.2891/0.8004/0.6918  floors = 0.1250/0.7344/0.2969
[part1] d=3 noiseless paper/lift_small/lift_best = 0.2876/0.7992/0.7646  floors = 0.1235/0.7160/0.3580
[part1] d=5 noiseless paper/lift_small/lift_best = 0.3273/0.8269/0.7860  floors = 0.1280/0.7360/0.3440
[part1] d=2 transmon_cal  uniform  signal paper=0.282 lift_small=-0.150 lift_best=0.400 (31.8s)
[part1] d=2 depolarizing  uniform  signal paper=0.331 lift_small=0.161 lift_best=0.369 (31.7s)
[part1] d=3 transmon_cal  uniform  signal paper=0.517 lift_small=0.566 lift_best=0.708 (16.6s)
[part1] d=3 transmon_cal  ion      signal paper=0.302 lift_small=0.450 lift_best=0.570 (16.7s)
[part1] d=3 transmon_cal  pavlidis signal paper=0.260 lift_small=0.427 lift_best=0.542 (16.1s)
[part1] d=3 depolarizing  uniform  signal paper=0.667 lift_small=0.735 lift_best=0.782 (16.1s)
[part1] d=3 depolarizing  ion      signal paper=0.497 lift_small=0.626 lift_best=0.666 (17.4s)
[part1] d=3 depolarizing  pavlidis signal paper=0.461 lift_small=0.602 lift_best=0.640 (16.8s)
[part1] d=5 transmon_cal  uniform  signal paper=0.544 lift_small=0.301 lift_best=0.514 (17.1s)
[part1] d=5 transmon_cal  ion      signal paper=0.167 lift_small=-0.088 lift_best=0.142 (17.8s)
[part1] d=5 transmon_cal  pavlidis signal paper=0.073 lift_small=-0.134 lift_best=0.055 (16.0s)
[part1] d=5 depolarizing  uniform  signal paper=0.782 lift_small=0.652 lift_best=0.781 (15.8s)
[part1] d=5 depolarizing  ion      signal paper=0.502 lift_small=0.277 lift_best=0.494 (15.8s)
[part1] d=5 depolarizing  pavlidis signal paper=0.361 lift_small=0.111 lift_best=0.351 (15.5s)
wrote results/decoder_convention_study.json (part1)
[part2] d=2 m=6 w=5 noiseless paper/lift_small = 0.0000/0.2695  floors = 0.0000/0.1875
[part2] d=3 m=4 w=4 noiseless paper/lift_small = 0.0720/0.3424  floors = 0.0247/0.1975
[part2] d=5 m=3 w=3 noiseless paper/lift_small = 0.0720/0.4090  floors = 0.0160/0.2080
[part2] d=2 transmon_cal uniform: 100/1000 traj (2s)
[part2] d=2 depolarizing uniform: 100/1000 traj (2s)
[part2] d=3 transmon_cal uniform: 100/1000 traj (3s)
[part2] d=3 transmon_cal pavlidis: 100/1000 traj (3s)
[part2] d=3 transmon_cal ion: 100/1000 traj (3s)
[part2] d=3 depolarizing uniform: 100/1000 traj (3s)
[part2] d=2 transmon_cal uniform: 200/1000 traj (5s)
[part2] d=2 depolarizing uniform: 200/1000 traj (5s)
[part2] d=3 transmon_cal pavlidis: 200/1000 traj (5s)
[part2] d=3 transmon_cal uniform: 200/1000 traj (5s)
[part2] d=3 transmon_cal ion: 200/1000 traj (5s)
[part2] d=3 depolarizing uniform: 200/1000 traj (6s)
[part2] d=2 transmon_cal uniform: 300/1000 traj (8s)
[part2] d=2 depolarizing uniform: 300/1000 traj (8s)
[part2] d=3 transmon_cal pavlidis: 300/1000 traj (8s)
[part2] d=3 transmon_cal uniform: 300/1000 traj (8s)
[part2] d=3 transmon_cal ion: 300/1000 traj (9s)
[part2] d=3 depolarizing uniform: 300/1000 traj (9s)
[part2] d=2 transmon_cal uniform: 400/1000 traj (10s)
[part2] d=2 depolarizing uniform: 400/1000 traj (10s)
[part2] d=3 transmon_cal pavlidis: 400/1000 traj (11s)
[part2] d=3 transmon_cal uniform: 400/1000 traj (11s)
[part2] d=3 transmon_cal ion: 400/1000 traj (11s)
[part2] d=3 depolarizing uniform: 400/1000 traj (12s)
[part2] d=2 transmon_cal uniform: 500/1000 traj (12s)
[part2] d=2 depolarizing uniform: 500/1000 traj (13s)
[part2] d=3 transmon_cal pavlidis: 500/1000 traj (13s)
[part2] d=3 transmon_cal uniform: 500/1000 traj (14s)
[part2] d=3 transmon_cal ion: 500/1000 traj (14s)
[part2] d=3 depolarizing uniform: 500/1000 traj (14s)
[part2] d=2 transmon_cal uniform: 600/1000 traj (15s)
[part2] d=2 depolarizing uniform: 600/1000 traj (15s)
[part2] d=3 transmon_cal pavlidis: 600/1000 traj (16s)
[part2] d=3 transmon_cal uniform: 600/1000 traj (16s)
[part2] d=3 transmon_cal ion: 600/1000 traj (17s)
[part2] d=2 transmon_cal uniform: 700/1000 traj (17s)
[part2] d=3 depolarizing uniform: 600/1000 traj (17s)
[part2] d=2 depolarizing uniform: 700/1000 traj (18s)
[part2] d=3 transmon_cal pavlidis: 700/1000 traj (19s)
[part2] d=3 transmon_cal uniform: 700/1000 traj (19s)
[part2] d=2 transmon_cal uniform: 800/1000 traj (20s)
[part2] d=3 transmon_cal ion: 700/1000 traj (20s)
[part2] d=2 depolarizing uniform: 800/1000 traj (20s)
[part2] d=3 depolarizing uniform: 700/1000 traj (20s)
[part2] d=3 transmon_cal pavlidis: 800/1000 traj (22s)
[part2] d=3 transmon_cal uniform: 800/1000 traj (22s)
[part2] d=2 transmon_cal uniform: 900/1000 traj (22s)
[part2] d=3 transmon_cal ion: 800/1000 traj (23s)
[part2] d=2 depolarizing uniform: 900/1000 traj (23s)
[part2] d=3 depolarizing uniform: 800/1000 traj (24s)
[part2] d=3 transmon_cal pavlidis: 900/1000 traj (25s)
[part2] d=3 transmon_cal uniform: 900/1000 traj (25s)
[part2] d=2 transmon_cal uniform: 1000/1000 traj (25s)
[part2] d=2 depolarizing uniform: 1000/1000 traj (26s)
[part2] d=3 transmon_cal ion: 900/1000 traj (27s)
[part2] d=3 depolarizing uniform: 900/1000 traj (27s)
[part2] d=3 transmon_cal pavlidis: 1000/1000 traj (29s)
[part2] d=3 transmon_cal uniform: 1000/1000 traj (29s)
[part2] d=3 depolarizing ion: 100/1000 traj (4s)
[part2] d=3 depolarizing pavlidis: 100/1000 traj (4s)
[part2] d=3 transmon_cal ion: 1000/1000 traj (30s)
[part2] d=3 depolarizing uniform: 1000/1000 traj (31s)
[part2] d=3 depolarizing pavlidis: 200/1000 traj (6s)
[part2] d=3 depolarizing ion: 200/1000 traj (7s)
[part2] d=5 transmon_cal uniform: 100/1000 traj (4s)
[part2] d=5 transmon_cal ion: 100/1000 traj (4s)
[part2] d=5 transmon_cal pavlidis: 100/1000 traj (4s)
[part2] d=3 depolarizing pavlidis: 300/1000 traj (9s)
[part2] d=3 depolarizing ion: 300/1000 traj (10s)
[part2] d=5 depolarizing uniform: 100/1000 traj (4s)
[part2] d=5 transmon_cal uniform: 200/1000 traj (8s)
[part2] d=5 transmon_cal ion: 200/1000 traj (8s)
[part2] d=3 depolarizing pavlidis: 400/1000 traj (12s)
[part2] d=3 depolarizing ion: 400/1000 traj (13s)
[part2] d=5 transmon_cal pavlidis: 200/1000 traj (8s)
[part2] d=5 depolarizing uniform: 200/1000 traj (8s)
[part2] d=3 depolarizing pavlidis: 500/1000 traj (15s)
[part2] d=5 transmon_cal uniform: 300/1000 traj (12s)
[part2] d=3 depolarizing ion: 500/1000 traj (16s)
[part2] d=5 transmon_cal ion: 300/1000 traj (12s)
[part2] d=5 transmon_cal pavlidis: 300/1000 traj (12s)
[part2] d=3 depolarizing pavlidis: 600/1000 traj (18s)
[part2] d=5 depolarizing uniform: 300/1000 traj (13s)
[part2] d=3 depolarizing ion: 600/1000 traj (19s)
[part2] d=5 transmon_cal uniform: 400/1000 traj (16s)
[part2] d=5 transmon_cal ion: 400/1000 traj (16s)
[part2] d=3 depolarizing pavlidis: 700/1000 traj (20s)
[part2] d=5 transmon_cal pavlidis: 400/1000 traj (16s)
[part2] d=3 depolarizing ion: 700/1000 traj (22s)
[part2] d=5 depolarizing uniform: 400/1000 traj (17s)
[part2] d=5 transmon_cal uniform: 500/1000 traj (20s)
[part2] d=5 transmon_cal ion: 500/1000 traj (20s)
[part2] d=3 depolarizing pavlidis: 800/1000 traj (23s)
[part2] d=3 depolarizing ion: 800/1000 traj (24s)
[part2] d=5 transmon_cal pavlidis: 500/1000 traj (20s)
[part2] d=3 depolarizing pavlidis: 900/1000 traj (26s)
[part2] d=5 depolarizing uniform: 500/1000 traj (21s)
[part2] d=3 depolarizing ion: 900/1000 traj (27s)
[part2] d=5 transmon_cal uniform: 600/1000 traj (24s)
[part2] d=5 transmon_cal ion: 600/1000 traj (24s)
[part2] d=5 transmon_cal pavlidis: 600/1000 traj (24s)
[part2] d=3 depolarizing pavlidis: 1000/1000 traj (29s)
[part2] d=3 depolarizing ion: 1000/1000 traj (30s)
[part2] d=5 depolarizing uniform: 600/1000 traj (25s)
[part2] d=5 transmon_cal uniform: 700/1000 traj (28s)
[part2] d=5 transmon_cal ion: 700/1000 traj (28s)
[part2] d=5 transmon_cal pavlidis: 700/1000 traj (28s)
[part2] d=5 depolarizing ion: 100/1000 traj (4s)
[part2] d=5 depolarizing pavlidis: 100/1000 traj (4s)
[part2] d=5 depolarizing uniform: 700/1000 traj (29s)
[part2] d=5 transmon_cal uniform: 800/1000 traj (32s)
[part2] d=5 transmon_cal ion: 800/1000 traj (32s)
[part2] d=5 transmon_cal pavlidis: 800/1000 traj (32s)
[part2] d=5 depolarizing ion: 200/1000 traj (8s)
[part2] d=5 depolarizing pavlidis: 200/1000 traj (8s)
[part2] d=5 depolarizing uniform: 800/1000 traj (33s)
[part2] d=5 transmon_cal uniform: 900/1000 traj (36s)
[part2] d=5 transmon_cal ion: 900/1000 traj (36s)
[part2] d=5 transmon_cal pavlidis: 900/1000 traj (36s)
[part2] d=5 depolarizing ion: 300/1000 traj (12s)
[part2] d=5 depolarizing pavlidis: 300/1000 traj (12s)
[part2] d=5 transmon_cal uniform: 1000/1000 traj (40s)
[part2] d=5 depolarizing uniform: 900/1000 traj (37s)
[part2] d=5 transmon_cal ion: 1000/1000 traj (40s)
[part2] d=5 transmon_cal pavlidis: 1000/1000 traj (40s)
[part2] d=5 depolarizing ion: 400/1000 traj (16s)
[part2] d=5 depolarizing pavlidis: 400/1000 traj (16s)
[part2] d=5 depolarizing uniform: 1000/1000 traj (41s)
[part2] d=5 depolarizing ion: 500/1000 traj (19s)
[part2] d=5 depolarizing pavlidis: 500/1000 traj (20s)
[part2] d=5 depolarizing ion: 600/1000 traj (23s)
[part2] d=5 depolarizing pavlidis: 600/1000 traj (23s)
[part2] d=5 depolarizing ion: 700/1000 traj (26s)
[part2] d=5 depolarizing pavlidis: 700/1000 traj (27s)
[part2] d=5 depolarizing ion: 800/1000 traj (30s)
[part2] d=5 depolarizing pavlidis: 800/1000 traj (30s)
[part2] d=5 depolarizing ion: 900/1000 traj (33s)
[part2] d=5 depolarizing pavlidis: 900/1000 traj (34s)
[part2] d=5 depolarizing ion: 1000/1000 traj (37s)
[part2] d=5 depolarizing pavlidis: 1000/1000 traj (37s)
Traceback (most recent call last):
  File [35m"/Volumes/External Home/Workspace/ai-qutrits/decoder_convention_study.py"[0m, line [35m292[0m, in [35m<module>[0m
    [31mmain[0m[1;31m()[0m
    [31m~~~~[0m[1;31m^^[0m
  File [35m"/Volumes/External Home/Workspace/ai-qutrits/decoder_convention_study.py"[0m, line [35m285[0m, in [35mmain[0m
    data["part2"] = [31mpart2[0m[1;31m(n_traj=n_traj)[0m
                    [31m~~~~~[0m[1;31m^^^^^^^^^^^^^^^[0m
  File [35m"/Volumes/External Home/Workspace/ai-qutrits/decoder_convention_study.py"[0m, line [35m244[0m, in [35mpart2[0m
    out[f"signal_{name}"] = [31m(out[name] - lo) [0m[1;31m/[0m[31m (hi - lo)[0m
                            [31m~~~~~~~~~~~~~~~~~[0m[1;31m^[0m[31m~~~~~~~~~~[0m
[1;35mZeroDivisionError[0m: [35mdivision by zero[0m
[part2] d=2 m=6 w=5 noiseless paper/lift_small = 0.7587/0.7587  floors = 0.2188/0.2188
[part2] d=3 m=4 w=4 noiseless paper/lift_small = 0.7640/0.7640  floors = 0.1975/0.1975
[part2] d=5 m=3 w=3 noiseless paper/lift_small = 0.7944/0.7944  floors = 0.2560/0.2560
[part2] d=2 transmon_cal uniform: 100/1000 traj (2s)
[part2] d=2 depolarizing uniform: 100/1000 traj (3s)
[part2] d=3 transmon_cal pavlidis: 100/1000 traj (3s)
[part2] d=3 transmon_cal uniform: 100/1000 traj (3s)
[part2] d=3 transmon_cal ion: 100/1000 traj (3s)
[part2] d=3 depolarizing uniform: 100/1000 traj (3s)
[part2] d=2 transmon_cal uniform: 200/1000 traj (5s)
[part2] d=2 depolarizing uniform: 200/1000 traj (5s)
[part2] d=3 transmon_cal pavlidis: 200/1000 traj (5s)
[part2] d=3 transmon_cal uniform: 200/1000 traj (6s)
[part2] d=3 transmon_cal ion: 200/1000 traj (6s)
[part2] d=3 depolarizing uniform: 200/1000 traj (6s)
[part2] d=2 transmon_cal uniform: 300/1000 traj (7s)
[part2] d=2 depolarizing uniform: 300/1000 traj (7s)
[part2] d=3 transmon_cal pavlidis: 300/1000 traj (8s)
[part2] d=3 transmon_cal ion: 300/1000 traj (8s)
[part2] d=3 transmon_cal uniform: 300/1000 traj (8s)
[part2] d=3 depolarizing uniform: 300/1000 traj (8s)
[part2] d=2 transmon_cal uniform: 400/1000 traj (10s)
[part2] d=2 depolarizing uniform: 400/1000 traj (10s)
[part2] d=3 transmon_cal ion: 400/1000 traj (11s)
[part2] d=3 transmon_cal pavlidis: 400/1000 traj (11s)
[part2] d=3 transmon_cal uniform: 400/1000 traj (11s)
[part2] d=3 depolarizing uniform: 400/1000 traj (11s)
[part2] d=2 transmon_cal uniform: 500/1000 traj (12s)
[part2] d=2 depolarizing uniform: 500/1000 traj (12s)
[part2] d=3 transmon_cal ion: 500/1000 traj (14s)
[part2] d=3 transmon_cal pavlidis: 500/1000 traj (14s)
[part2] d=3 transmon_cal uniform: 500/1000 traj (14s)
[part2] d=3 depolarizing uniform: 500/1000 traj (15s)
[part2] d=2 transmon_cal uniform: 600/1000 traj (15s)
[part2] d=2 depolarizing uniform: 600/1000 traj (16s)
[part2] d=3 transmon_cal ion: 600/1000 traj (18s)
[part2] d=3 transmon_cal pavlidis: 600/1000 traj (18s)
[part2] d=3 transmon_cal uniform: 600/1000 traj (18s)
[part2] d=2 transmon_cal uniform: 700/1000 traj (18s)
[part2] d=3 depolarizing uniform: 600/1000 traj (18s)
[part2] d=2 depolarizing uniform: 700/1000 traj (19s)
[part2] d=3 transmon_cal ion: 700/1000 traj (21s)
[part2] d=3 transmon_cal pavlidis: 700/1000 traj (21s)
[part2] d=2 transmon_cal uniform: 800/1000 traj (21s)
[part2] d=3 transmon_cal uniform: 700/1000 traj (21s)
[part2] d=3 depolarizing uniform: 700/1000 traj (21s)
[part2] d=2 depolarizing uniform: 800/1000 traj (21s)
[part2] d=2 transmon_cal uniform: 900/1000 traj (23s)
[part2] d=3 transmon_cal ion: 800/1000 traj (24s)
[part2] d=3 transmon_cal uniform: 800/1000 traj (24s)
[part2] d=3 transmon_cal pavlidis: 800/1000 traj (24s)
[part2] d=2 depolarizing uniform: 900/1000 traj (24s)
[part2] d=3 depolarizing uniform: 800/1000 traj (24s)
[part2] d=2 transmon_cal uniform: 1000/1000 traj (26s)
[part2] DONE d=2 transmon_cal  uniform  signal paper=0.243±0.014 lift_best=0.279±0.018 (26.3s)
[part2] d=3 transmon_cal ion: 900/1000 traj (27s)
[part2] d=2 depolarizing uniform: 1000/1000 traj (27s)
[part2] DONE d=2 depolarizing  uniform  signal paper=0.271±0.013 lift_best=0.263±0.016 (27.0s)
[part2] d=3 transmon_cal pavlidis: 900/1000 traj (27s)
[part2] d=3 transmon_cal uniform: 900/1000 traj (27s)
[part2] d=3 depolarizing uniform: 900/1000 traj (28s)
[part2] d=3 depolarizing ion: 100/1000 traj (3s)
[part2] d=3 transmon_cal ion: 1000/1000 traj (30s)
[part2] d=3 depolarizing pavlidis: 100/1000 traj (3s)
[part2] d=3 transmon_cal pavlidis: 1000/1000 traj (30s)
[part2] d=3 transmon_cal uniform: 1000/1000 traj (30s)
[part2] DONE d=3 transmon_cal  uniform  signal paper=0.422±0.015 lift_best=0.377±0.016 (30.2s)
[part2] DONE d=3 transmon_cal  ion      signal paper=0.187±0.012 lift_best=0.166±0.013 (29.9s)
[part2] DONE d=3 transmon_cal  pavlidis signal paper=0.164±0.011 lift_best=0.163±0.013 (30.2s)
[part2] d=3 depolarizing uniform: 1000/1000 traj (31s)
[part2] DONE d=3 depolarizing  uniform  signal paper=0.521±0.016 lift_best=0.530±0.017 (30.8s)
[part2] d=3 depolarizing ion: 200/1000 traj (6s)
[part2] d=3 depolarizing pavlidis: 200/1000 traj (7s)
[part2] d=5 transmon_cal uniform: 100/1000 traj (5s)
[part2] d=5 transmon_cal pavlidis: 100/1000 traj (5s)
[part2] d=5 transmon_cal ion: 100/1000 traj (5s)
[part2] d=5 depolarizing uniform: 100/1000 traj (5s)
[part2] d=3 depolarizing ion: 300/1000 traj (10s)
[part2] d=3 depolarizing pavlidis: 300/1000 traj (10s)
[part2] d=3 depolarizing ion: 400/1000 traj (13s)
[part2] d=5 transmon_cal uniform: 200/1000 traj (9s)
[part2] d=5 transmon_cal pavlidis: 200/1000 traj (9s)
[part2] d=5 transmon_cal ion: 200/1000 traj (9s)
[part2] d=3 depolarizing pavlidis: 400/1000 traj (13s)
[part2] d=5 depolarizing uniform: 200/1000 traj (10s)
[part2] d=3 depolarizing ion: 500/1000 traj (16s)
[part2] d=3 depolarizing pavlidis: 500/1000 traj (16s)
[part2] d=5 transmon_cal uniform: 300/1000 traj (13s)
[part2] d=5 transmon_cal pavlidis: 300/1000 traj (13s)
[part2] d=5 transmon_cal ion: 300/1000 traj (14s)
[part2] d=5 depolarizing uniform: 300/1000 traj (14s)
[part2] d=3 depolarizing ion: 600/1000 traj (19s)
[part2] d=3 depolarizing pavlidis: 600/1000 traj (19s)
[part2] d=5 transmon_cal uniform: 400/1000 traj (18s)
[part2] d=5 transmon_cal pavlidis: 400/1000 traj (18s)
[part2] d=5 transmon_cal ion: 400/1000 traj (18s)
[part2] d=3 depolarizing ion: 700/1000 traj (22s)
[part2] d=5 depolarizing uniform: 400/1000 traj (18s)
[part2] d=3 depolarizing pavlidis: 700/1000 traj (22s)
[part2] d=3 depolarizing ion: 800/1000 traj (25s)
[part2] d=5 transmon_cal uniform: 500/1000 traj (22s)
[part2] d=3 depolarizing pavlidis: 800/1000 traj (26s)
[part2] d=5 transmon_cal pavlidis: 500/1000 traj (22s)
[part2] d=5 transmon_cal ion: 500/1000 traj (23s)
[part2] d=5 depolarizing uniform: 500/1000 traj (24s)
[part2] d=3 depolarizing ion: 900/1000 traj (29s)
[part2] d=3 depolarizing pavlidis: 900/1000 traj (29s)
[part2] d=5 transmon_cal uniform: 600/1000 traj (28s)
[part2] d=3 depolarizing ion: 1000/1000 traj (32s)
[part2] DONE d=3 depolarizing  ion      signal paper=0.355±0.015 lift_best=0.381±0.017 (31.7s)
[part2] d=5 transmon_cal pavlidis: 600/1000 traj (28s)
[part2] d=5 transmon_cal ion: 600/1000 traj (29s)
[part2] d=3 depolarizing pavlidis: 1000/1000 traj (32s)
[part2] DONE d=3 depolarizing  pavlidis signal paper=0.303±0.015 lift_best=0.331±0.017 (32.3s)
[part2] d=5 depolarizing uniform: 600/1000 traj (29s)
[part2] d=5 transmon_cal uniform: 700/1000 traj (32s)
[part2] d=5 depolarizing ion: 100/1000 traj (4s)
[part2] d=5 transmon_cal pavlidis: 700/1000 traj (32s)
[part2] d=5 transmon_cal ion: 700/1000 traj (33s)
[part2] d=5 depolarizing pavlidis: 100/1000 traj (4s)
[part2] d=5 depolarizing uniform: 700/1000 traj (33s)
[part2] d=5 transmon_cal uniform: 800/1000 traj (36s)
[part2] d=5 depolarizing ion: 200/1000 traj (8s)
[part2] d=5 transmon_cal pavlidis: 800/1000 traj (36s)
[part2] d=5 transmon_cal ion: 800/1000 traj (37s)
[part2] d=5 depolarizing pavlidis: 200/1000 traj (8s)
[part2] d=5 depolarizing uniform: 800/1000 traj (38s)
[part2] d=5 transmon_cal uniform: 900/1000 traj (40s)
[part2] d=5 depolarizing ion: 300/1000 traj (13s)
[part2] d=5 transmon_cal pavlidis: 900/1000 traj (40s)
[part2] d=5 transmon_cal ion: 900/1000 traj (41s)
[part2] d=5 depolarizing pavlidis: 300/1000 traj (12s)
[part2] d=5 depolarizing uniform: 900/1000 traj (42s)
[part2] d=5 transmon_cal uniform: 1000/1000 traj (44s)
[part2] DONE d=5 transmon_cal  uniform  signal paper=0.435±0.017 lift_best=0.386±0.017 (44.1s)
[part2] d=5 depolarizing ion: 400/1000 traj (17s)
[part2] d=5 transmon_cal pavlidis: 1000/1000 traj (44s)
[part2] d=5 transmon_cal ion: 1000/1000 traj (45s)
[part2] DONE d=5 transmon_cal  ion      signal paper=0.085±0.011 lift_best=0.026±0.010 (45.0s)
[part2] DONE d=5 transmon_cal  pavlidis signal paper=0.023±0.007 lift_best=-0.026±0.008 (44.4s)
[part2] d=5 depolarizing pavlidis: 400/1000 traj (16s)
[part2] d=5 depolarizing uniform: 1000/1000 traj (46s)
[part2] DONE d=5 depolarizing  uniform  signal paper=0.713±0.016 lift_best=0.691±0.016 (46.0s)
[part2] d=5 depolarizing ion: 500/1000 traj (20s)
[part2] d=5 depolarizing pavlidis: 500/1000 traj (20s)
[part2] d=5 depolarizing ion: 600/1000 traj (24s)
[part2] d=5 depolarizing pavlidis: 600/1000 traj (24s)
[part2] d=5 depolarizing ion: 700/1000 traj (27s)
[part2] d=5 depolarizing pavlidis: 700/1000 traj (27s)
[part2] d=5 depolarizing ion: 800/1000 traj (31s)
[part2] d=5 depolarizing pavlidis: 800/1000 traj (31s)
[part2] d=5 depolarizing ion: 900/1000 traj (34s)
[part2] d=5 depolarizing pavlidis: 900/1000 traj (34s)
[part2] d=5 depolarizing ion: 1000/1000 traj (38s)
[part2] DONE d=5 depolarizing  ion      signal paper=0.338±0.017 lift_best=0.264±0.018 (38.2s)
[part2] d=5 depolarizing pavlidis: 1000/1000 traj (39s)
[part2] DONE d=5 depolarizing  pavlidis signal paper=0.187±0.014 lift_best=0.109±0.015 (38.5s)
wrote results/decoder_convention_study.json (part2)
