20 trajectory points, 400 traj each
  d=3 m=4 exp=1.6: signal=0.655±0.028 (3.9s)
  d=2 m=6 exp=1.6: signal=0.499±0.029 (9.8s)
  d=3 m=5 exp=1.6: signal=0.592±0.031 (11.8s)
  d=5 m=3 exp=1.6: signal=0.649±0.036 (2.7s)
  d=5 m=4 exp=1.6: signal=0.470±0.041 (17.7s)
  d=2 m=6 exp=2.0: signal=0.516±0.029 (9.3s)
  d=2 m=8 exp=1.6: signal=0.478±0.039 (53.5s)
  d=3 m=6 exp=1.6: signal=0.657±0.035 (54.5s)
  d=3 m=4 exp=2.0: signal=0.646±0.031 (4.3s)
  d=3 m=5 exp=2.0: signal=0.596±0.032 (13.9s)
  d=2 m=8 exp=2.0: signal=0.413±0.035 (56.3s)
  d=3 m=6 exp=2.0: signal=0.680±0.037 (49.4s)
  d=5 m=3 exp=2.0: signal=0.527±0.035 (2.9s)
  d=5 m=4 exp=2.0: signal=0.340±0.044 (14.1s)
  d=5 m=5 exp=1.6: signal=0.438±0.051 (172.6s)
  d=5 m=5 exp=2.0: signal=0.264±0.041 (168.3s)
  d=3 m=7 exp=1.6: signal=0.667±0.040 (352.1s)
  d=3 m=7 exp=2.0: signal=0.604±0.045 (336.5s)
  d=2 m=10 exp=1.6: signal=0.327±0.040 (530.9s)
  d=2 m=10 exp=2.0: signal=0.262±0.038 (509.6s)
-- exponent 1.6 --
   d=2: slope -0.0400+-0.0122/bit (R^2=0.84, n=3)
   d=3: slope +0.0039+-0.0095/bit (R^2=0.05, n=4)
   d=5: slope -0.0493+-0.0131/bit (R^2=0.87, n=3)
-- exponent 2.0 --
   d=2: slope -0.0626+-0.0118/bit (R^2=0.99, n=3)
   d=3: slope -0.0013+-0.0105/bit (R^2=0.00, n=4)
   d=5: slope -0.0578+-0.0117/bit (R^2=0.95, n=3)
wrote /Volumes/External Home/Workspace/ai-qutrits/results/scaling_exponent_sweep.json
