d=2: floor=0.1250 noiseless=0.2891
d=3: floor=0.1235 noiseless=0.2876
d=5: floor=0.1280 noiseless=0.3273
depolarizing  uniform   d=2 s=0.002  layers=  57.0 signal= 0.652 (49.2s)
depolarizing  uniform   d=3 s=0.002  layers=  26.0 signal= 0.852 (22.2s)
depolarizing  uniform   d=5 s=0.002  layers=  15.0 signal= 0.907 (23.4s)
depolarizing  uniform   d=2 s=0.005  layers=  57.0 signal= 0.331 (49.1s)
depolarizing  uniform   d=3 s=0.005  layers=  26.0 signal= 0.667 (21.4s)
depolarizing  uniform   d=5 s=0.005  layers=  15.0 signal= 0.782 (22.4s)
depolarizing  uniform   d=2 s=0.01   layers=  57.0 signal= 0.082 (40.5s)
depolarizing  uniform   d=3 s=0.01   layers=  26.0 signal= 0.438 (20.0s)
depolarizing  uniform   d=5 s=0.01   layers=  15.0 signal= 0.611 (21.0s)
depolarizing  ion       d=2 s=0.002  layers=  57.0 signal= 0.652 (39.0s)
depolarizing  ion       d=3 s=0.002  layers=  44.0 signal= 0.760 (17.2s)
depolarizing  ion       d=5 s=0.002  layers=  42.0 signal= 0.759 (17.4s)
depolarizing  ion       d=2 s=0.005  layers=  57.0 signal= 0.331 (36.0s)
depolarizing  ion       d=3 s=0.005  layers=  44.0 signal= 0.497 (15.7s)
depolarizing  ion       d=5 s=0.005  layers=  42.0 signal= 0.502 (17.2s)
depolarizing  ion       d=2 s=0.01   layers=  57.0 signal= 0.082 (35.3s)
depolarizing  ion       d=3 s=0.01   layers=  44.0 signal= 0.232 (16.1s)
depolarizing  ion       d=5 s=0.01   layers=  42.0 signal= 0.253 (16.9s)
depolarizing  pavlidis  d=2 s=0.002  layers=  57.0 signal= 0.652 (35.7s)
depolarizing  pavlidis  d=3 s=0.002  layers=  58.5 signal= 0.696 (16.0s)
depolarizing  pavlidis  d=5 s=0.002  layers=  93.8 signal= 0.542 (17.3s)
depolarizing  pavlidis  d=2 s=0.005  layers=  57.0 signal= 0.331 (35.8s)
depolarizing  pavlidis  d=3 s=0.005  layers=  58.5 signal= 0.394 (15.8s)
depolarizing  pavlidis  d=5 s=0.005  layers=  93.8 signal= 0.215 (17.1s)
depolarizing  pavlidis  d=2 s=0.01   layers=  57.0 signal= 0.082 (36.7s)
depolarizing  pavlidis  d=3 s=0.01   layers=  58.5 signal= 0.134 (15.7s)
depolarizing  pavlidis  d=5 s=0.01   layers=  93.8 signal= 0.046 (17.4s)
transmon_cal  uniform   d=2 s=0.002  layers=  57.0 signal= 0.646 (36.1s)
transmon_cal  uniform   d=3 s=0.002  layers=  26.0 signal= 0.809 (16.3s)
transmon_cal  uniform   d=5 s=0.002  layers=  15.0 signal= 0.833 (17.0s)
transmon_cal  uniform   d=2 s=0.005  layers=  57.0 signal= 0.282 (36.5s)
transmon_cal  uniform   d=3 s=0.005  layers=  26.0 signal= 0.578 (16.2s)
transmon_cal  uniform   d=5 s=0.005  layers=  15.0 signal= 0.631 (16.9s)
transmon_cal  uniform   d=2 s=0.01   layers=  57.0 signal=-0.061 (36.3s)
transmon_cal  uniform   d=3 s=0.01   layers=  26.0 signal= 0.306 (16.1s)
transmon_cal  uniform   d=5 s=0.01   layers=  15.0 signal= 0.395 (17.3s)
transmon_cal  ion       d=2 s=0.002  layers=  57.0 signal= 0.646 (37.1s)
transmon_cal  ion       d=3 s=0.002  layers=  44.0 signal= 0.690 (16.2s)
transmon_cal  ion       d=5 s=0.002  layers=  42.0 signal= 0.580 (17.2s)
transmon_cal  ion       d=2 s=0.005  layers=  57.0 signal= 0.282 (36.3s)
transmon_cal  ion       d=3 s=0.005  layers=  44.0 signal= 0.374 (16.0s)
transmon_cal  ion       d=5 s=0.005  layers=  42.0 signal= 0.256 (17.0s)
transmon_cal  ion       d=2 s=0.01   layers=  57.0 signal=-0.061 (36.9s)
transmon_cal  ion       d=3 s=0.01   layers=  44.0 signal= 0.082 (16.3s)
transmon_cal  ion       d=5 s=0.01   layers=  42.0 signal= 0.064 (17.0s)
transmon_cal  pavlidis  d=2 s=0.002  layers=  57.0 signal= 0.646 (35.9s)
transmon_cal  pavlidis  d=3 s=0.002  layers=  58.5 signal= 0.613 (16.1s)
transmon_cal  pavlidis  d=5 s=0.002  layers=  93.8 signal= 0.311 (17.3s)
transmon_cal  pavlidis  d=2 s=0.005  layers=  57.0 signal= 0.282 (35.8s)
transmon_cal  pavlidis  d=3 s=0.005  layers=  58.5 signal= 0.255 (15.7s)
transmon_cal  pavlidis  d=5 s=0.005  layers=  93.8 signal= 0.039 (16.9s)
transmon_cal  pavlidis  d=2 s=0.01   layers=  57.0 signal=-0.061 (33.3s)
transmon_cal  pavlidis  d=3 s=0.01   layers=  58.5 signal=-0.032 (16.3s)
transmon_cal  pavlidis  d=5 s=0.01   layers=  93.8 signal=-0.028 (16.7s)

wrote results/cost_fair.json
