baseline d=2 (m=6, w=5): success=0.2891 floor=0.1250
baseline d=3 (m=4, w=3): success=0.2876 floor=0.1235
baseline d=5 (m=3, w=2): success=0.3273 floor=0.1280
baseline d=7 (m=3, w=2): success=0.3316 floor=0.1399
d=2 depolarizing  s=0.005  uniform   layers=  57.0 success=0.1755±0.0030 signal= 0.308 (23.3s)
d=2 depolarizing  s=0.005  ion       layers=  57.0 success=0.1757±0.0030 signal= 0.309 (23.4s)
d=2 depolarizing  s=0.005  pavlidis  layers=  57.0 success=0.1762±0.0031 signal= 0.312 (23.3s)
d=2 transmon_cal  s=0.005  uniform   layers=  57.0 success=0.1690±0.0031 signal= 0.268 (22.7s)
d=2 transmon_cal  s=0.005  ion       layers=  57.0 success=0.1749±0.0031 signal= 0.304 (23.0s)
d=2 transmon_cal  s=0.005  pavlidis  layers=  57.0 success=0.1731±0.0031 signal= 0.293 (22.9s)
d=2 transmon_cal  s=0.003  uniform   layers=  57.0 success=0.2048±0.0031 signal= 0.486 (22.9s)
d=2 transmon_cal  s=0.003  ion       layers=  57.0 success=0.2084±0.0030 signal= 0.508 (23.0s)
d=2 transmon_cal  s=0.003  pavlidis  layers=  57.0 success=0.2097±0.0030 signal= 0.516 (23.1s)
d=3 depolarizing  s=0.005  uniform   layers=  26.0 success=0.2328±0.0032 signal= 0.666 (9.4s)
d=3 depolarizing  s=0.005  ion       layers=  44.0 success=0.2116±0.0036 signal= 0.537 (9.4s)
d=3 depolarizing  s=0.005  pavlidis  layers=  58.5 success=0.1855±0.0036 signal= 0.378 (9.3s)
d=3 transmon_cal  s=0.005  uniform   layers=  26.0 success=0.2253±0.0030 signal= 0.620 (8.4s)
d=3 transmon_cal  s=0.005  ion       layers=  44.0 success=0.1834±0.0031 signal= 0.365 (8.4s)
d=3 transmon_cal  s=0.005  pavlidis  layers=  58.5 success=0.1670±0.0031 signal= 0.265 (8.4s)
d=3 transmon_cal  s=0.003  uniform   layers=  26.0 success=0.2441±0.0027 signal= 0.735 (8.4s)
d=3 transmon_cal  s=0.003  ion       layers=  44.0 success=0.2142±0.0030 signal= 0.553 (8.3s)
d=3 transmon_cal  s=0.003  pavlidis  layers=  58.5 success=0.2006±0.0032 signal= 0.470 (8.3s)
d=5 depolarizing  s=0.005  uniform   layers=  15.0 success=0.2800±0.0030 signal= 0.762 (6.8s)
d=5 depolarizing  s=0.005  ion       layers=  42.0 success=0.2281±0.0038 signal= 0.502 (6.9s)
d=5 depolarizing  s=0.005  pavlidis  layers=  93.8 success=0.1686±0.0037 signal= 0.204 (6.9s)
d=5 transmon_cal  s=0.005  uniform   layers=  15.0 success=0.2574±0.0038 signal= 0.649 (5.8s)
d=5 transmon_cal  s=0.005  ion       layers=  42.0 success=0.1753±0.0037 signal= 0.237 (5.7s)
d=5 transmon_cal  s=0.005  pavlidis  layers=  93.8 success=0.1337±0.0031 signal= 0.029 (5.6s)
d=5 transmon_cal  s=0.003  uniform   layers=  15.0 success=0.2817±0.0036 signal= 0.771 (5.6s)
d=5 transmon_cal  s=0.003  ion       layers=  42.0 success=0.2146±0.0040 signal= 0.434 (5.6s)
d=5 transmon_cal  s=0.003  pavlidis  layers=  93.8 success=0.1661±0.0040 signal= 0.191 (5.6s)
d=7 depolarizing  s=0.005  uniform   layers=  15.0 success=0.2940±0.0032 signal= 0.804 (29.6s)
d=7 depolarizing  s=0.005  ion       layers=  60.0 success=0.2129±0.0043 signal= 0.381 (29.8s)
d=7 depolarizing  s=0.005  pavlidis  layers= 183.8 success=0.1469±0.0040 signal= 0.036 (29.8s)
d=7 transmon_cal  s=0.005  uniform   layers=  15.0 success=0.2423±0.0042 signal= 0.534 (26.6s)
d=7 transmon_cal  s=0.005  ion       layers=  60.0 success=0.1534±0.0034 signal= 0.070 (27.3s)
d=7 transmon_cal  s=0.005  pavlidis  layers= 183.8 success=0.1304±0.0024 signal=-0.050 (27.6s)
d=7 transmon_cal  s=0.003  uniform   layers=  15.0 success=0.2690±0.0040 signal= 0.673 (27.2s)
d=7 transmon_cal  s=0.003  ion       layers=  60.0 success=0.1780±0.0038 signal= 0.199 (27.4s)
d=7 transmon_cal  s=0.003  pavlidis  layers= 183.8 success=0.1321±0.0027 signal=-0.041 (24.6s)

wrote results/d7_demo.json
