baselines computed
shor  uniform  d=2 scale=1     signal= 0.282 (57.2s)
shor  uniform  d=2 scale=0.75  signal= 0.311 (57.5s)
shor  uniform  d=2 scale=0.5   signal= 0.341 (56.7s)
shor  uniform  d=2 scale=0.25  signal= 0.374 (57.4s)
shor  uniform  d=2 scale=0     signal= 0.409 (59.9s)
shor  uniform  d=3 scale=1     signal= 0.578 (23.9s)
shor  uniform  d=3 scale=0.75  signal= 0.611 (24.8s)
shor  uniform  d=3 scale=0.5   signal= 0.646 (24.8s)
shor  uniform  d=3 scale=0.25  signal= 0.682 (24.1s)
shor  uniform  d=3 scale=0     signal= 0.721 (24.2s)
shor  uniform  d=5 scale=1     signal= 0.631 (26.3s)
shor  uniform  d=5 scale=0.75  signal= 0.676 (26.8s)
shor  uniform  d=5 scale=0.5   signal= 0.725 (27.2s)
shor  uniform  d=5 scale=0.25  signal= 0.776 (26.5s)
shor  uniform  d=5 scale=0     signal= 0.832 (27.2s)
shor  ion      d=2 scale=1     signal= 0.282 (56.3s)
shor  ion      d=2 scale=0.75  signal= 0.311 (56.6s)
shor  ion      d=2 scale=0.5   signal= 0.341 (56.3s)
shor  ion      d=2 scale=0.25  signal= 0.374 (54.0s)
shor  ion      d=2 scale=0     signal= 0.409 (47.0s)
shor  ion      d=3 scale=1     signal= 0.374 (20.5s)
shor  ion      d=3 scale=0.75  signal= 0.416 (20.9s)
shor  ion      d=3 scale=0.5   signal= 0.462 (20.6s)
shor  ion      d=3 scale=0.25  signal= 0.512 (20.7s)
shor  ion      d=3 scale=0     signal= 0.568 (20.9s)
shor  ion      d=5 scale=1     signal= 0.256 (21.8s)
shor  ion      d=5 scale=0.75  signal= 0.316 (21.0s)
shor  ion      d=5 scale=0.5   signal= 0.391 (21.5s)
shor  ion      d=5 scale=0.25  signal= 0.484 (21.2s)
shor  ion      d=5 scale=0     signal= 0.600 (21.8s)
qpe   uniform  d=2 scale=1     signal= 0.408 (10.3s)
qpe   uniform  d=2 scale=0.75  signal= 0.440 (10.7s)
qpe   uniform  d=2 scale=0.5   signal= 0.475 (10.4s)
qpe   uniform  d=2 scale=0.25  signal= 0.513 (10.4s)
qpe   uniform  d=2 scale=0     signal= 0.554 (10.8s)
qpe   uniform  d=3 scale=1     signal= 0.573 (21.4s)
qpe   uniform  d=3 scale=0.75  signal= 0.610 (20.9s)
qpe   uniform  d=3 scale=0.5   signal= 0.649 (20.3s)
qpe   uniform  d=3 scale=0.25  signal= 0.692 (21.0s)
qpe   uniform  d=3 scale=0     signal= 0.737 (21.1s)
qpe   uniform  d=5 scale=1     signal= 0.705 (22.0s)
qpe   uniform  d=5 scale=0.75  signal= 0.746 (21.0s)
qpe   uniform  d=5 scale=0.5   signal= 0.790 (21.7s)
qpe   uniform  d=5 scale=0.25  signal= 0.837 (21.3s)
qpe   uniform  d=5 scale=0     signal= 0.887 (21.7s)
qpe   ion      d=2 scale=1     signal= 0.408 (10.2s)
qpe   ion      d=2 scale=0.75  signal= 0.440 (10.4s)
qpe   ion      d=2 scale=0.5   signal= 0.475 (10.6s)
qpe   ion      d=2 scale=0.25  signal= 0.513 (10.5s)
qpe   ion      d=2 scale=0     signal= 0.554 (10.4s)
qpe   ion      d=3 scale=1     signal= 0.402 (21.2s)
qpe   ion      d=3 scale=0.75  signal= 0.445 (20.7s)
qpe   ion      d=3 scale=0.5   signal= 0.493 (21.1s)
qpe   ion      d=3 scale=0.25  signal= 0.547 (20.6s)
qpe   ion      d=3 scale=0     signal= 0.609 (20.4s)
qpe   ion      d=5 scale=1     signal= 0.408 (21.4s)
qpe   ion      d=5 scale=0.75  signal= 0.472 (21.2s)
qpe   ion      d=5 scale=0.5   signal= 0.548 (20.8s)
qpe   ion      d=5 scale=0.25  signal= 0.640 (20.6s)
qpe   ion      d=5 scale=0     signal= 0.750 (20.0s)

wrote results/dd.json
