N = 55: 39 bases a, order classes [2, 4, 5, 10, 20], 400 traj/point
meta done
a= 2 r=20 d=2 transmon_cal  signal=   nan±nan span=0.000 aligned=False (14.6s)
a= 2 r=20 d=2 depolarizing  signal=   nan±nan span=0.000 aligned=False (14.8s)
a= 2 r=20 d=3 transmon_cal  signal= 0.483±0.031 span=0.050 aligned=False (9.4s)
a= 2 r=20 d=3 depolarizing  signal= 0.400±0.033 span=0.050 aligned=False (9.6s)
a= 2 r=20 d=5 transmon_cal  signal= 0.762±0.021 span=0.065 aligned=False (12.0s)
a= 2 r=20 d=5 depolarizing  signal= 0.810±0.020 span=0.065 aligned=False (12.5s)
a= 3 r=20 d=2 transmon_cal  signal=   nan±nan span=0.000 aligned=False (19.7s)
a= 3 r=20 d=2 depolarizing  signal=   nan±nan span=0.000 aligned=False (19.4s)
a= 3 r=20 d=3 transmon_cal  signal= 0.504±0.031 span=0.050 aligned=False (12.6s)
a= 3 r=20 d=3 depolarizing  signal= 0.374±0.034 span=0.050 aligned=False (12.5s)
a= 3 r=20 d=5 transmon_cal  signal= 0.706±0.024 span=0.065 aligned=False (12.1s)
a= 3 r=20 d=5 depolarizing  signal= 0.742±0.023 span=0.065 aligned=False (12.6s)
a= 4 r=10 d=2 transmon_cal  signal= 0.452±0.024 span=0.229 aligned=False (28.1s)
a= 4 r=10 d=2 depolarizing  signal= 0.231±0.020 span=0.229 aligned=False (25.0s)
a= 4 r=10 d=3 transmon_cal  signal= 0.590±0.025 span=0.244 aligned=False (12.5s)
a= 4 r=10 d=3 depolarizing  signal= 0.492±0.025 span=0.244 aligned=False (12.8s)
a= 4 r=10 d=5 transmon_cal  signal= 0.847±0.020 span=0.245 aligned=False (12.0s)
a= 4 r=10 d=5 depolarizing  signal= 0.812±0.021 span=0.245 aligned=False (12.8s)
a= 6 r=10 d=2 transmon_cal  signal= 0.405±0.024 span=0.229 aligned=False (29.8s)
a= 6 r=10 d=2 depolarizing  signal= 0.255±0.021 span=0.229 aligned=False (29.1s)
a= 6 r=10 d=3 transmon_cal  signal= 0.560±0.026 span=0.244 aligned=False (12.8s)
a= 6 r=10 d=3 depolarizing  signal= 0.525±0.025 span=0.244 aligned=False (12.3s)
a= 6 r=10 d=5 transmon_cal  signal= 0.823±0.020 span=0.245 aligned=False (12.0s)
a= 6 r=10 d=5 depolarizing  signal= 0.802±0.022 span=0.245 aligned=False (13.9s)
a= 7 r=20 d=2 transmon_cal  signal=   nan±nan span=0.000 aligned=False (29.3s)
a= 7 r=20 d=2 depolarizing  signal=   nan±nan span=0.000 aligned=False (29.6s)
a= 7 r=20 d=3 transmon_cal  signal= 0.498±0.030 span=0.050 aligned=False (12.8s)
a= 7 r=20 d=3 depolarizing  signal= 0.365±0.034 span=0.050 aligned=False (13.4s)
a= 7 r=20 d=5 transmon_cal  signal= 0.781±0.026 span=0.065 aligned=False (17.0s)
a= 7 r=20 d=5 depolarizing  signal= 0.747±0.023 span=0.065 aligned=False (17.4s)
a= 8 r=20 d=2 transmon_cal  signal=   nan±nan span=0.000 aligned=False (23.0s)
a= 8 r=20 d=2 depolarizing  signal=   nan±nan span=0.000 aligned=False (26.2s)
a= 8 r=20 d=3 transmon_cal  signal= 0.459±0.032 span=0.050 aligned=False (13.1s)
a= 8 r=20 d=3 depolarizing  signal= 0.401±0.034 span=0.050 aligned=False (13.4s)
a= 8 r=20 d=5 transmon_cal  signal= 0.793±0.021 span=0.065 aligned=False (19.9s)
a= 8 r=20 d=5 depolarizing  signal= 0.787±0.021 span=0.065 aligned=False (19.9s)
a= 9 r=10 d=2 transmon_cal  signal= 0.469±0.024 span=0.229 aligned=False (23.6s)
a= 9 r=10 d=2 depolarizing  signal= 0.233±0.020 span=0.229 aligned=False (23.6s)
a= 9 r=10 d=3 transmon_cal  signal= 0.534±0.026 span=0.244 aligned=False (12.2s)
a= 9 r=10 d=3 depolarizing  signal= 0.491±0.026 span=0.244 aligned=False (13.7s)
a= 9 r=10 d=5 transmon_cal  signal= 0.821±0.021 span=0.245 aligned=False (12.9s)
a= 9 r=10 d=5 depolarizing  signal= 0.798±0.022 span=0.245 aligned=False (13.4s)
a=12 r= 4 d=2 transmon_cal  signal= 0.435±-0.101 span=-0.094 aligned=True  (20.7s)
a=12 r= 4 d=2 depolarizing  signal=-0.354±-0.130 span=-0.094 aligned=True  (30.7s)
a=12 r= 4 d=3 transmon_cal  signal= 0.768±0.049 span=0.081 aligned=False (13.1s)
a=12 r= 4 d=3 depolarizing  signal= 0.531±0.065 span=0.081 aligned=False (10.5s)
a=12 r= 4 d=5 transmon_cal  signal= 0.412±0.068 span=0.070 aligned=False (13.2s)
a=12 r= 4 d=5 depolarizing  signal= 0.509±0.072 span=0.070 aligned=False (13.5s)
a=13 r=20 d=2 transmon_cal  signal=   nan±nan span=0.000 aligned=False (24.3s)
a=13 r=20 d=2 depolarizing  signal=   nan±nan span=0.000 aligned=False (23.6s)
a=13 r=20 d=3 transmon_cal  signal= 0.546±0.030 span=0.050 aligned=False (14.8s)
a=13 r=20 d=3 depolarizing  signal= 0.436±0.034 span=0.050 aligned=False (15.9s)
a=13 r=20 d=5 transmon_cal  signal= 0.763±0.023 span=0.065 aligned=False (16.2s)
a=13 r=20 d=5 depolarizing  signal= 0.755±0.023 span=0.065 aligned=False (17.3s)
a=14 r=10 d=2 transmon_cal  signal= 0.451±0.024 span=0.229 aligned=False (30.9s)
a=14 r=10 d=2 depolarizing  signal= 0.248±0.021 span=0.229 aligned=False (28.3s)
a=14 r=10 d=3 transmon_cal  signal= 0.586±0.025 span=0.244 aligned=False (16.2s)
a=14 r=10 d=3 depolarizing  signal= 0.478±0.025 span=0.244 aligned=False (12.4s)
a=14 r=10 d=5 transmon_cal  signal= 0.852±0.019 span=0.245 aligned=False (17.5s)
a=14 r=10 d=5 depolarizing  signal= 0.807±0.023 span=0.245 aligned=False (17.7s)
a=16 r= 5 d=2 transmon_cal  signal= 0.410±0.029 span=0.375 aligned=False (29.2s)
a=16 r= 5 d=2 depolarizing  signal= 0.248±0.025 span=0.375 aligned=False (22.6s)
a=16 r= 5 d=3 transmon_cal  signal= 0.645±0.027 span=0.340 aligned=False (15.1s)
a=16 r= 5 d=3 depolarizing  signal= 0.514±0.030 span=0.340 aligned=False (12.4s)
a=16 r= 5 d=5 transmon_cal  signal= 0.999±0.016 span=0.288 aligned=True  (16.4s)
a=16 r= 5 d=5 depolarizing  signal= 1.002±0.017 span=0.288 aligned=True  (17.2s)
a=17 r=20 d=2 transmon_cal  signal=   nan±nan span=0.000 aligned=False (26.2s)
a=17 r=20 d=2 depolarizing  signal=   nan±nan span=0.000 aligned=False (22.1s)
a=17 r=20 d=3 transmon_cal  signal= 0.464±0.032 span=0.050 aligned=False (11.6s)
a=17 r=20 d=3 depolarizing  signal= 0.456±0.034 span=0.050 aligned=False (12.2s)
a=17 r=20 d=5 transmon_cal  signal= 0.787±0.022 span=0.065 aligned=False (16.0s)
a=17 r=20 d=5 depolarizing  signal= 0.793±0.023 span=0.065 aligned=False (16.5s)
a=18 r=20 d=2 transmon_cal  signal=   nan±nan span=0.000 aligned=False (24.0s)
a=18 r=20 d=2 depolarizing  signal=   nan±nan span=0.000 aligned=False (24.6s)
a=18 r=20 d=3 transmon_cal  signal= 0.481±0.031 span=0.050 aligned=False (11.6s)
a=18 r=20 d=3 depolarizing  signal= 0.400±0.033 span=0.050 aligned=False (14.9s)
a=18 r=20 d=5 transmon_cal  signal= 0.787±0.022 span=0.065 aligned=False (16.3s)
a=18 r=20 d=5 depolarizing  signal= 0.789±0.021 span=0.065 aligned=False (17.1s)
a=19 r=10 d=2 transmon_cal  signal= 0.432±0.023 span=0.229 aligned=False (22.5s)
a=19 r=10 d=2 depolarizing  signal= 0.246±0.020 span=0.229 aligned=False (22.9s)
a=19 r=10 d=3 transmon_cal  signal= 0.611±0.025 span=0.244 aligned=False (14.4s)
a=19 r=10 d=3 depolarizing  signal= 0.492±0.026 span=0.244 aligned=False (14.8s)
a=19 r=10 d=5 transmon_cal  signal= 0.868±0.020 span=0.245 aligned=False (15.2s)
a=19 r=10 d=5 depolarizing  signal= 0.844±0.021 span=0.245 aligned=False (16.7s)
a=21 r= 2 d=2 transmon_cal  signal= 0.629±-0.029 span=-0.328 aligned=True  (26.2s)
a=21 r= 2 d=2 depolarizing  signal= 0.423±-0.034 span=-0.328 aligned=True  (25.9s)
a=21 r= 2 d=3 transmon_cal  signal= 0.958±-0.023 span=-0.292 aligned=False (11.6s)
a=21 r= 2 d=3 depolarizing  signal= 0.880±-0.026 span=-0.292 aligned=False (14.9s)
a=21 r= 2 d=5 transmon_cal  signal= 0.892±-0.019 span=-0.365 aligned=False (15.5s)
a=21 r= 2 d=5 depolarizing  signal= 0.884±-0.017 span=-0.365 aligned=False (16.3s)
a=23 r= 4 d=2 transmon_cal  signal= 0.398±-0.094 span=-0.094 aligned=True  (22.7s)
a=23 r= 4 d=2 depolarizing  signal=-0.352±-0.123 span=-0.094 aligned=True  (29.2s)
a=23 r= 4 d=3 transmon_cal  signal= 0.615±0.055 span=0.081 aligned=False (13.5s)
a=23 r= 4 d=3 depolarizing  signal= 0.513±0.073 span=0.081 aligned=False (15.2s)
a=23 r= 4 d=5 transmon_cal  signal= 0.437±0.075 span=0.070 aligned=False (15.4s)
a=23 r= 4 d=5 depolarizing  signal= 0.529±0.082 span=0.070 aligned=False (15.9s)
a=24 r=10 d=2 transmon_cal  signal= 0.444±0.023 span=0.229 aligned=False (26.2s)
a=24 r=10 d=2 depolarizing  signal= 0.219±0.020 span=0.229 aligned=False (21.3s)
a=24 r=10 d=3 transmon_cal  signal= 0.603±0.024 span=0.244 aligned=False (13.7s)
a=24 r=10 d=3 depolarizing  signal= 0.487±0.026 span=0.244 aligned=False (14.6s)
a=24 r=10 d=5 transmon_cal  signal= 0.813±0.019 span=0.245 aligned=False (15.5s)
a=24 r=10 d=5 depolarizing  signal= 0.783±0.023 span=0.245 aligned=False (15.7s)
a=26 r= 5 d=2 transmon_cal  signal= 0.379±0.029 span=0.375 aligned=False (28.3s)
a=26 r= 5 d=2 depolarizing  signal= 0.258±0.026 span=0.375 aligned=False (29.9s)
a=26 r= 5 d=3 transmon_cal  signal= 0.626±0.026 span=0.340 aligned=False (11.2s)
a=26 r= 5 d=3 depolarizing  signal= 0.564±0.029 span=0.340 aligned=False (15.1s)
a=26 r= 5 d=5 transmon_cal  signal= 1.019±0.011 span=0.288 aligned=True  (15.1s)
a=26 r= 5 d=5 depolarizing  signal= 1.003±0.017 span=0.288 aligned=True  (16.1s)
a=27 r=20 d=2 transmon_cal  signal=   nan±nan span=0.000 aligned=False (21.4s)
a=27 r=20 d=2 depolarizing  signal=   nan±nan span=0.000 aligned=False (26.8s)
a=27 r=20 d=3 transmon_cal  signal= 0.504±0.030 span=0.050 aligned=False (14.0s)
a=27 r=20 d=3 depolarizing  signal= 0.406±0.035 span=0.050 aligned=False (13.1s)
a=27 r=20 d=5 transmon_cal  signal= 0.765±0.023 span=0.065 aligned=False (15.8s)
a=27 r=20 d=5 depolarizing  signal= 0.766±0.022 span=0.065 aligned=False (16.5s)
a=28 r=20 d=2 transmon_cal  signal=   nan±nan span=0.000 aligned=False (24.7s)
a=28 r=20 d=2 depolarizing  signal=   nan±nan span=0.000 aligned=False (21.3s)
a=28 r=20 d=3 transmon_cal  signal= 0.400±0.032 span=0.050 aligned=False (12.9s)
a=28 r=20 d=3 depolarizing  signal= 0.438±0.033 span=0.050 aligned=False (12.4s)
a=28 r=20 d=5 transmon_cal  signal= 0.732±0.023 span=0.065 aligned=False (14.6s)
a=28 r=20 d=5 depolarizing  signal= 0.804±0.021 span=0.065 aligned=False (15.6s)
a=29 r=10 d=2 transmon_cal  signal= 0.403±0.024 span=0.229 aligned=False (26.5s)
a=29 r=10 d=2 depolarizing  signal= 0.234±0.020 span=0.229 aligned=False (23.5s)
a=29 r=10 d=3 transmon_cal  signal= 0.584±0.025 span=0.244 aligned=False (10.8s)
a=29 r=10 d=3 depolarizing  signal= 0.448±0.026 span=0.244 aligned=False (11.4s)
a=29 r=10 d=5 transmon_cal  signal= 0.815±0.019 span=0.245 aligned=False (14.3s)
a=29 r=10 d=5 depolarizing  signal= 0.818±0.021 span=0.245 aligned=False (14.5s)
a=31 r= 5 d=2 transmon_cal  signal= 0.395±0.026 span=0.375 aligned=False (20.4s)
a=31 r= 5 d=2 depolarizing  signal= 0.207±0.027 span=0.375 aligned=False (21.8s)
a=31 r= 5 d=3 transmon_cal  signal= 0.606±0.027 span=0.340 aligned=False (13.3s)
a=31 r= 5 d=3 depolarizing  signal= 0.548±0.029 span=0.340 aligned=False (13.7s)
a=31 r= 5 d=5 transmon_cal  signal= 0.984±0.013 span=0.288 aligned=True  (12.8s)
a=31 r= 5 d=5 depolarizing  signal= 0.956±0.022 span=0.288 aligned=True  (13.2s)
a=32 r= 4 d=2 transmon_cal  signal= 0.342±-0.103 span=-0.094 aligned=True  (30.3s)
a=32 r= 4 d=2 depolarizing  signal=-0.321±-0.131 span=-0.094 aligned=True  (21.6s)
a=32 r= 4 d=3 transmon_cal  signal= 0.775±0.050 span=0.081 aligned=False (13.7s)
a=32 r= 4 d=3 depolarizing  signal= 0.612±0.061 span=0.081 aligned=False (13.8s)
a=32 r= 4 d=5 transmon_cal  signal= 0.364±0.078 span=0.070 aligned=False (12.6s)
a=32 r= 4 d=5 depolarizing  signal= 0.402±0.086 span=0.070 aligned=False (12.7s)
a=34 r= 2 d=2 transmon_cal  signal= 0.648±-0.029 span=-0.328 aligned=True  (31.6s)
a=34 r= 2 d=2 depolarizing  signal= 0.413±-0.035 span=-0.328 aligned=True  (31.1s)
a=34 r= 2 d=3 transmon_cal  signal= 0.966±-0.022 span=-0.292 aligned=False (13.4s)
a=34 r= 2 d=3 depolarizing  signal= 0.858±-0.027 span=-0.292 aligned=False (12.8s)
a=34 r= 2 d=5 transmon_cal  signal= 0.875±-0.019 span=-0.365 aligned=False (11.9s)
a=34 r= 2 d=5 depolarizing  signal= 0.877±-0.019 span=-0.365 aligned=False (13.2s)
a=36 r= 5 d=2 transmon_cal  signal= 0.359±0.027 span=0.375 aligned=False (30.2s)
a=36 r= 5 d=2 depolarizing  signal= 0.210±0.025 span=0.375 aligned=False (29.4s)
a=36 r= 5 d=3 transmon_cal  signal= 0.665±0.026 span=0.340 aligned=False (12.4s)
a=36 r= 5 d=3 depolarizing  signal= 0.524±0.030 span=0.340 aligned=False (13.9s)
a=36 r= 5 d=5 transmon_cal  signal= 1.010±0.014 span=0.288 aligned=True  (12.4s)
a=36 r= 5 d=5 depolarizing  signal= 0.984±0.015 span=0.288 aligned=True  (13.2s)
a=37 r=20 d=2 transmon_cal  signal=   nan±nan span=0.000 aligned=False (31.5s)
a=37 r=20 d=2 depolarizing  signal=   nan±nan span=0.000 aligned=False (31.1s)
a=37 r=20 d=3 transmon_cal  signal= 0.451±0.031 span=0.050 aligned=False (12.2s)
a=37 r=20 d=3 depolarizing  signal= 0.433±0.039 span=0.050 aligned=False (12.8s)
a=37 r=20 d=5 transmon_cal  signal= 0.775±0.022 span=0.065 aligned=False (12.8s)
a=37 r=20 d=5 depolarizing  signal= 0.777±0.022 span=0.065 aligned=False (13.1s)
a=38 r=20 d=2 transmon_cal  signal=   nan±nan span=0.000 aligned=False (26.2s)
a=38 r=20 d=2 depolarizing  signal=   nan±nan span=0.000 aligned=False (28.2s)
a=38 r=20 d=3 transmon_cal  signal= 0.518±0.031 span=0.050 aligned=False (13.2s)
a=38 r=20 d=3 depolarizing  signal= 0.367±0.033 span=0.050 aligned=False (13.7s)
a=38 r=20 d=5 transmon_cal  signal= 0.756±0.020 span=0.065 aligned=False (12.4s)
a=38 r=20 d=5 depolarizing  signal= 0.763±0.023 span=0.065 aligned=False (13.1s)
a=39 r=10 d=2 transmon_cal  signal= 0.452±0.024 span=0.229 aligned=False (30.1s)
a=39 r=10 d=2 depolarizing  signal= 0.220±0.020 span=0.229 aligned=False (32.5s)
a=39 r=10 d=3 transmon_cal  signal= 0.622±0.025 span=0.244 aligned=False (13.5s)
a=39 r=10 d=3 depolarizing  signal= 0.455±0.025 span=0.244 aligned=False (12.9s)
a=39 r=10 d=5 transmon_cal  signal= 0.809±0.021 span=0.245 aligned=False (12.7s)
a=39 r=10 d=5 depolarizing  signal= 0.815±0.022 span=0.245 aligned=False (12.6s)
a=41 r=10 d=2 transmon_cal  signal= 0.450±0.023 span=0.229 aligned=False (31.6s)
a=41 r=10 d=2 depolarizing  signal= 0.249±0.021 span=0.229 aligned=False (26.9s)
a=41 r=10 d=3 transmon_cal  signal= 0.559±0.026 span=0.244 aligned=False (13.9s)
a=41 r=10 d=3 depolarizing  signal= 0.506±0.025 span=0.244 aligned=False (13.1s)
a=41 r=10 d=5 transmon_cal  signal= 0.844±0.021 span=0.245 aligned=False (12.5s)
a=41 r=10 d=5 depolarizing  signal= 0.778±0.022 span=0.245 aligned=False (13.0s)
a=42 r=20 d=2 transmon_cal  signal=   nan±nan span=0.000 aligned=False (31.6s)
a=42 r=20 d=2 depolarizing  signal=   nan±nan span=0.000 aligned=False (28.7s)
a=42 r=20 d=3 transmon_cal  signal= 0.500±0.031 span=0.050 aligned=False (13.4s)
a=42 r=20 d=3 depolarizing  signal= 0.435±0.033 span=0.050 aligned=False (14.0s)
a=42 r=20 d=5 transmon_cal  signal= 0.773±0.022 span=0.065 aligned=False (12.5s)
a=42 r=20 d=5 depolarizing  signal= 0.784±0.022 span=0.065 aligned=False (12.8s)
a=43 r= 4 d=2 transmon_cal  signal= 0.515±-0.100 span=-0.094 aligned=True  (30.5s)
a=43 r= 4 d=2 depolarizing  signal=-0.293±-0.121 span=-0.094 aligned=True  (31.3s)
a=43 r= 4 d=3 transmon_cal  signal= 0.685±0.054 span=0.081 aligned=False (13.0s)
a=43 r= 4 d=3 depolarizing  signal= 0.487±0.073 span=0.081 aligned=False (13.2s)
a=43 r= 4 d=5 transmon_cal  signal= 0.382±0.070 span=0.070 aligned=False (12.2s)
a=43 r= 4 d=5 depolarizing  signal= 0.488±0.077 span=0.070 aligned=False (13.3s)
a=46 r=10 d=2 transmon_cal  signal= 0.434±0.024 span=0.229 aligned=False (32.1s)
a=46 r=10 d=2 depolarizing  signal= 0.242±0.021 span=0.229 aligned=False (28.1s)
a=46 r=10 d=3 transmon_cal  signal= 0.577±0.025 span=0.244 aligned=False (13.3s)
a=46 r=10 d=3 depolarizing  signal= 0.490±0.026 span=0.244 aligned=False (14.5s)
a=46 r=10 d=5 transmon_cal  signal= 0.813±0.021 span=0.245 aligned=False (12.9s)
a=46 r=10 d=5 depolarizing  signal= 0.811±0.022 span=0.245 aligned=False (13.3s)
a=47 r=20 d=2 transmon_cal  signal=   nan±nan span=0.000 aligned=False (29.7s)
a=47 r=20 d=2 depolarizing  signal=   nan±nan span=0.000 aligned=False (32.9s)
a=47 r=20 d=3 transmon_cal  signal= 0.430±0.032 span=0.050 aligned=False (14.1s)
a=47 r=20 d=3 depolarizing  signal= 0.391±0.033 span=0.050 aligned=False (13.2s)
a=47 r=20 d=5 transmon_cal  signal= 0.771±0.022 span=0.065 aligned=False (12.9s)
a=47 r=20 d=5 depolarizing  signal= 0.809±0.021 span=0.065 aligned=False (13.2s)
a=48 r=20 d=2 transmon_cal  signal=   nan±nan span=0.000 aligned=False (32.6s)
a=48 r=20 d=2 depolarizing  signal=   nan±nan span=0.000 aligned=False (27.4s)
a=48 r=20 d=3 transmon_cal  signal= 0.504±0.031 span=0.050 aligned=False (13.9s)
a=48 r=20 d=3 depolarizing  signal= 0.464±0.032 span=0.050 aligned=False (14.1s)
a=48 r=20 d=5 transmon_cal  signal= 0.794±0.024 span=0.065 aligned=False (12.7s)
a=48 r=20 d=5 depolarizing  signal= 0.846±0.019 span=0.065 aligned=False (13.7s)
a=49 r=10 d=2 transmon_cal  signal= 0.422±0.024 span=0.229 aligned=False (31.9s)
a=49 r=10 d=2 depolarizing  signal= 0.195±0.020 span=0.229 aligned=False (30.1s)
a=49 r=10 d=3 transmon_cal  signal= 0.585±0.026 span=0.244 aligned=False (13.6s)
a=49 r=10 d=3 depolarizing  signal= 0.478±0.026 span=0.244 aligned=False (13.3s)
a=49 r=10 d=5 transmon_cal  signal= 0.774±0.022 span=0.245 aligned=False (13.1s)
a=49 r=10 d=5 depolarizing  signal= 0.824±0.021 span=0.245 aligned=False (13.6s)
a=51 r=10 d=2 transmon_cal  signal= 0.467±0.023 span=0.229 aligned=False (29.9s)
a=51 r=10 d=2 depolarizing  signal= 0.219±0.021 span=0.229 aligned=False (26.8s)
a=51 r=10 d=3 transmon_cal  signal= 0.591±0.025 span=0.244 aligned=False (13.5s)
a=51 r=10 d=3 depolarizing  signal= 0.492±0.026 span=0.244 aligned=False (13.8s)
a=51 r=10 d=5 transmon_cal  signal= 0.810±0.021 span=0.245 aligned=False (12.7s)
a=51 r=10 d=5 depolarizing  signal= 0.791±0.022 span=0.245 aligned=False (13.3s)
a=52 r=20 d=2 transmon_cal  signal=   nan±nan span=0.000 aligned=False (33.1s)
a=52 r=20 d=2 depolarizing  signal=   nan±nan span=0.000 aligned=False (33.6s)
a=52 r=20 d=3 transmon_cal  signal= 0.450±0.032 span=0.050 aligned=False (14.1s)
a=52 r=20 d=3 depolarizing  signal= 0.356±0.038 span=0.050 aligned=False (14.3s)
a=52 r=20 d=5 transmon_cal  signal= 0.754±0.022 span=0.065 aligned=False (12.8s)
a=52 r=20 d=5 depolarizing  signal= 0.797±0.024 span=0.065 aligned=False (13.0s)
a=53 r=20 d=2 transmon_cal  signal=   nan±nan span=0.000 aligned=False (32.4s)
a=53 r=20 d=2 depolarizing  signal=   nan±nan span=0.000 aligned=False (34.1s)
a=53 r=20 d=3 transmon_cal  signal= 0.404±0.034 span=0.050 aligned=False (13.8s)
a=53 r=20 d=3 depolarizing  signal= 0.415±0.033 span=0.050 aligned=False (13.8s)
a=53 r=20 d=5 transmon_cal  signal= 0.733±0.024 span=0.065 aligned=False (13.6s)
a=53 r=20 d=5 depolarizing  signal= 0.797±0.022 span=0.065 aligned=False (13.8s)
a=54 r= 2 d=2 transmon_cal  signal= 0.670±-0.027 span=-0.328 aligned=True  (33.0s)
a=54 r= 2 d=2 depolarizing  signal= 0.345±-0.033 span=-0.328 aligned=True  (27.3s)
a=54 r= 2 d=3 transmon_cal  signal= 0.947±-0.023 span=-0.292 aligned=False (14.5s)
a=54 r= 2 d=3 depolarizing  signal= 0.941±-0.028 span=-0.292 aligned=False (14.5s)
a=54 r= 2 d=5 transmon_cal  signal= 0.913±-0.019 span=-0.365 aligned=False (13.1s)
a=54 r= 2 d=5 depolarizing  signal= 0.859±-0.019 span=-0.365 aligned=False (13.1s)
all runs done in 714 s

        model  d  mean sig(usable)  mean succ  n_usable
 transmon_cal  2             0.426      0.208        16
 transmon_cal  3             0.596      0.258        16
 transmon_cal  5             0.869      0.285        16
 depolarizing  2             0.232      0.201        16
 depolarizing  3             0.499      0.246        16
 depolarizing  5             0.852      0.284        16

per r-class (signal, usable only; * = exact alignment):
  transmon_cal @ 0.003
    r= 2 (n_a=3):  d=2:   ----  d=3:   ----  d=5:   ----
    r= 4 (n_a=4):  d=2:   ----  d=3:   ----  d=5:   ----
    r= 5 (n_a=4):  d=2: 0.386   d=3: 0.635   d=5: 1.003*
    r=10 (n_a=12):  d=2: 0.440   d=3: 0.583   d=5: 0.824 
    r=20 (n_a=16):  d=2:   ----  d=3:   ----  d=5:   ----
  depolarizing @ 0.005
    r= 2 (n_a=3):  d=2:   ----  d=3:   ----  d=5:   ----
    r= 4 (n_a=4):  d=2:   ----  d=3:   ----  d=5:   ----
    r= 5 (n_a=4):  d=2: 0.231   d=3: 0.537   d=5: 0.986*
    r=10 (n_a=12):  d=2: 0.233   d=3: 0.486   d=5: 0.807 
    r=20 (n_a=16):  d=2:   ----  d=3:   ----  d=5:   ----

wrote /Volumes/External Home/Workspace/ai-qutrits/results/ensemble_a_n55.json
