N = 33: 19 bases a, order classes [2, 5, 10], 400 traj/point
meta done
a= 2 r=10 d=2 transmon_cal  signal= 0.440±0.025 span=0.229 aligned=False (14.4s)
a= 2 r=10 d=2 depolarizing  signal= 0.204±0.020 span=0.229 aligned=False (14.6s)
a= 2 r=10 d=3 transmon_cal  signal= 0.607±0.024 span=0.268 aligned=False (9.3s)
a= 2 r=10 d=3 depolarizing  signal= 0.475±0.025 span=0.268 aligned=False (9.6s)
a= 2 r=10 d=5 transmon_cal  signal= 0.813±0.020 span=0.245 aligned=False (12.1s)
a= 2 r=10 d=5 depolarizing  signal= 0.794±0.024 span=0.245 aligned=False (12.6s)
a= 4 r= 5 d=2 transmon_cal  signal= 0.418±0.030 span=0.375 aligned=False (19.6s)
a= 4 r= 5 d=2 depolarizing  signal= 0.179±0.025 span=0.375 aligned=False (20.4s)
a= 4 r= 5 d=3 transmon_cal  signal= 0.696±0.023 span=0.387 aligned=False (12.8s)
a= 4 r= 5 d=3 depolarizing  signal= 0.528±0.029 span=0.387 aligned=False (12.6s)
a= 4 r= 5 d=5 transmon_cal  signal= 0.995±0.017 span=0.288 aligned=True  (12.6s)
a= 4 r= 5 d=5 depolarizing  signal= 0.956±0.019 span=0.288 aligned=True  (13.0s)
a= 5 r=10 d=2 transmon_cal  signal= 0.441±0.023 span=0.229 aligned=False (31.5s)
a= 5 r=10 d=2 depolarizing  signal= 0.218±0.021 span=0.229 aligned=False (30.2s)
a= 5 r=10 d=3 transmon_cal  signal= 0.569±0.025 span=0.268 aligned=False (13.7s)
a= 5 r=10 d=3 depolarizing  signal= 0.517±0.025 span=0.268 aligned=False (13.7s)
a= 5 r=10 d=5 transmon_cal  signal= 0.793±0.022 span=0.245 aligned=False (13.3s)
a= 5 r=10 d=5 depolarizing  signal= 0.814±0.023 span=0.245 aligned=False (13.7s)
a= 7 r=10 d=2 transmon_cal  signal= 0.452±0.024 span=0.229 aligned=False (31.5s)
a= 7 r=10 d=2 depolarizing  signal= 0.239±0.020 span=0.229 aligned=False (31.4s)
a= 7 r=10 d=3 transmon_cal  signal= 0.572±0.025 span=0.268 aligned=False (13.9s)
a= 7 r=10 d=3 depolarizing  signal= 0.577±0.024 span=0.268 aligned=False (14.4s)
a= 7 r=10 d=5 transmon_cal  signal= 0.817±0.021 span=0.245 aligned=False (13.3s)
a= 7 r=10 d=5 depolarizing  signal= 0.779±0.025 span=0.245 aligned=False (14.4s)
a= 8 r=10 d=2 transmon_cal  signal= 0.493±0.024 span=0.229 aligned=False (29.6s)
a= 8 r=10 d=2 depolarizing  signal= 0.242±0.020 span=0.229 aligned=False (32.6s)
a= 8 r=10 d=3 transmon_cal  signal= 0.585±0.024 span=0.268 aligned=False (13.9s)
a= 8 r=10 d=3 depolarizing  signal= 0.536±0.025 span=0.268 aligned=False (15.1s)
a= 8 r=10 d=5 transmon_cal  signal= 0.841±0.019 span=0.245 aligned=False (13.1s)
a= 8 r=10 d=5 depolarizing  signal= 0.770±0.023 span=0.245 aligned=False (13.8s)
a=10 r= 2 d=2 transmon_cal  signal= 0.698±-0.029 span=-0.328 aligned=True  (31.0s)
a=10 r= 2 d=2 depolarizing  signal= 0.353±-0.034 span=-0.328 aligned=True  (29.3s)
a=10 r= 2 d=3 transmon_cal  signal= 0.986±-0.025 span=-0.268 aligned=False (14.4s)
a=10 r= 2 d=3 depolarizing  signal= 0.970±-0.027 span=-0.268 aligned=False (13.8s)
a=10 r= 2 d=5 transmon_cal  signal= 0.894±-0.019 span=-0.317 aligned=False (13.5s)
a=10 r= 2 d=5 depolarizing  signal= 0.877±-0.022 span=-0.317 aligned=False (13.9s)
a=13 r=10 d=2 transmon_cal  signal= 0.415±0.024 span=0.229 aligned=False (28.7s)
a=13 r=10 d=2 depolarizing  signal= 0.244±0.021 span=0.229 aligned=False (32.9s)
a=13 r=10 d=3 transmon_cal  signal= 0.647±0.024 span=0.268 aligned=False (14.4s)
a=13 r=10 d=3 depolarizing  signal= 0.543±0.025 span=0.268 aligned=False (14.5s)
a=13 r=10 d=5 transmon_cal  signal= 0.779±0.021 span=0.245 aligned=False (13.1s)
a=13 r=10 d=5 depolarizing  signal= 0.779±0.023 span=0.245 aligned=False (13.9s)
a=14 r=10 d=2 transmon_cal  signal= 0.404±0.024 span=0.229 aligned=False (30.7s)
a=14 r=10 d=2 depolarizing  signal= 0.220±0.021 span=0.229 aligned=False (32.2s)
a=14 r=10 d=3 transmon_cal  signal= 0.612±0.024 span=0.268 aligned=False (14.1s)
a=14 r=10 d=3 depolarizing  signal= 0.539±0.025 span=0.268 aligned=False (14.4s)
a=14 r=10 d=5 transmon_cal  signal= 0.788±0.023 span=0.245 aligned=False (12.9s)
a=14 r=10 d=5 depolarizing  signal= 0.837±0.020 span=0.245 aligned=False (13.8s)
a=16 r= 5 d=2 transmon_cal  signal= 0.374±0.029 span=0.375 aligned=False (30.8s)
a=16 r= 5 d=2 depolarizing  signal= 0.204±0.027 span=0.375 aligned=False (28.7s)
a=16 r= 5 d=3 transmon_cal  signal= 0.635±0.025 span=0.387 aligned=False (14.0s)
a=16 r= 5 d=3 depolarizing  signal= 0.544±0.027 span=0.387 aligned=False (13.3s)
a=16 r= 5 d=5 transmon_cal  signal= 1.012±0.017 span=0.288 aligned=True  (13.3s)
a=16 r= 5 d=5 depolarizing  signal= 0.954±0.022 span=0.288 aligned=True  (13.5s)
a=17 r=10 d=2 transmon_cal  signal= 0.443±0.024 span=0.229 aligned=False (30.8s)
a=17 r=10 d=2 depolarizing  signal= 0.243±0.021 span=0.229 aligned=False (29.6s)
a=17 r=10 d=3 transmon_cal  signal= 0.576±0.024 span=0.268 aligned=False (14.2s)
a=17 r=10 d=3 depolarizing  signal= 0.467±0.025 span=0.268 aligned=False (14.2s)
a=17 r=10 d=5 transmon_cal  signal= 0.834±0.019 span=0.245 aligned=False (12.5s)
a=17 r=10 d=5 depolarizing  signal= 0.750±0.025 span=0.245 aligned=False (13.3s)
a=19 r=10 d=2 transmon_cal  signal= 0.447±0.023 span=0.229 aligned=False (31.5s)
a=19 r=10 d=2 depolarizing  signal= 0.213±0.020 span=0.229 aligned=False (31.8s)
a=19 r=10 d=3 transmon_cal  signal= 0.592±0.024 span=0.268 aligned=False (13.2s)
a=19 r=10 d=3 depolarizing  signal= 0.472±0.025 span=0.268 aligned=False (14.2s)
a=19 r=10 d=5 transmon_cal  signal= 0.871±0.020 span=0.245 aligned=False (12.9s)
a=19 r=10 d=5 depolarizing  signal= 0.771±0.024 span=0.245 aligned=False (12.9s)
a=20 r=10 d=2 transmon_cal  signal= 0.494±0.023 span=0.229 aligned=False (27.5s)
a=20 r=10 d=2 depolarizing  signal= 0.270±0.022 span=0.229 aligned=False (30.5s)
a=20 r=10 d=3 transmon_cal  signal= 0.607±0.025 span=0.268 aligned=False (13.7s)
a=20 r=10 d=3 depolarizing  signal= 0.533±0.024 span=0.268 aligned=False (13.2s)
a=20 r=10 d=5 transmon_cal  signal= 0.801±0.022 span=0.245 aligned=False (12.8s)
a=20 r=10 d=5 depolarizing  signal= 0.755±0.024 span=0.245 aligned=False (13.1s)
a=23 r= 2 d=2 transmon_cal  signal= 0.690±-0.027 span=-0.328 aligned=True  (31.5s)
a=23 r= 2 d=2 depolarizing  signal= 0.467±-0.035 span=-0.328 aligned=True  (30.1s)
a=23 r= 2 d=3 transmon_cal  signal= 0.938±-0.023 span=-0.268 aligned=False (13.7s)
a=23 r= 2 d=3 depolarizing  signal= 0.900±-0.024 span=-0.268 aligned=False (13.1s)
a=23 r= 2 d=5 transmon_cal  signal= 0.918±-0.020 span=-0.317 aligned=False (12.7s)
a=23 r= 2 d=5 depolarizing  signal= 0.899±-0.022 span=-0.317 aligned=False (13.0s)
a=25 r= 5 d=2 transmon_cal  signal= 0.384±0.028 span=0.375 aligned=False (32.1s)
a=25 r= 5 d=2 depolarizing  signal= 0.276±0.027 span=0.375 aligned=False (26.9s)
a=25 r= 5 d=3 transmon_cal  signal= 0.663±0.022 span=0.387 aligned=False (14.0s)
a=25 r= 5 d=3 depolarizing  signal= 0.517±0.030 span=0.387 aligned=False (13.9s)
a=25 r= 5 d=5 transmon_cal  signal= 1.005±0.014 span=0.288 aligned=True  (12.0s)
a=25 r= 5 d=5 depolarizing  signal= 1.000±0.016 span=0.288 aligned=True  (12.8s)
a=26 r=10 d=2 transmon_cal  signal= 0.451±0.024 span=0.229 aligned=False (31.5s)
a=26 r=10 d=2 depolarizing  signal= 0.183±0.020 span=0.229 aligned=False (30.0s)
a=26 r=10 d=3 transmon_cal  signal= 0.654±0.023 span=0.268 aligned=False (13.4s)
a=26 r=10 d=3 depolarizing  signal= 0.527±0.026 span=0.268 aligned=False (14.0s)
a=26 r=10 d=5 transmon_cal  signal= 0.804±0.020 span=0.245 aligned=False (12.0s)
a=26 r=10 d=5 depolarizing  signal= 0.760±0.025 span=0.245 aligned=False (13.4s)
a=28 r=10 d=2 transmon_cal  signal= 0.471±0.023 span=0.229 aligned=False (32.1s)
a=28 r=10 d=2 depolarizing  signal= 0.242±0.021 span=0.229 aligned=False (32.3s)
a=28 r=10 d=3 transmon_cal  signal= 0.591±0.025 span=0.268 aligned=False (12.8s)
a=28 r=10 d=3 depolarizing  signal= 0.505±0.025 span=0.268 aligned=False (14.6s)
a=28 r=10 d=5 transmon_cal  signal= 0.800±0.021 span=0.245 aligned=False (12.5s)
a=28 r=10 d=5 depolarizing  signal= 0.760±0.023 span=0.245 aligned=False (12.7s)
a=29 r=10 d=2 transmon_cal  signal= 0.482±0.024 span=0.229 aligned=False (26.8s)
a=29 r=10 d=2 depolarizing  signal= 0.241±0.021 span=0.229 aligned=False (33.8s)
a=29 r=10 d=3 transmon_cal  signal= 0.616±0.024 span=0.268 aligned=False (13.7s)
a=29 r=10 d=3 depolarizing  signal= 0.456±0.025 span=0.268 aligned=False (13.8s)
a=29 r=10 d=5 transmon_cal  signal= 0.835±0.020 span=0.245 aligned=False (12.4s)
a=29 r=10 d=5 depolarizing  signal= 0.836±0.021 span=0.245 aligned=False (13.2s)
a=31 r= 5 d=2 transmon_cal  signal= 0.416±0.027 span=0.375 aligned=False (33.1s)
a=31 r= 5 d=2 depolarizing  signal= 0.229±0.027 span=0.375 aligned=False (31.3s)
a=31 r= 5 d=3 transmon_cal  signal= 0.712±0.022 span=0.387 aligned=False (13.6s)
a=31 r= 5 d=3 depolarizing  signal= 0.592±0.027 span=0.387 aligned=False (13.3s)
a=31 r= 5 d=5 transmon_cal  signal= 0.999±0.012 span=0.288 aligned=True  (12.9s)
a=31 r= 5 d=5 depolarizing  signal= 0.963±0.020 span=0.288 aligned=True  (13.3s)
a=32 r= 2 d=2 transmon_cal  signal= 0.675±-0.027 span=-0.328 aligned=True  (29.5s)
a=32 r= 2 d=2 depolarizing  signal= 0.422±-0.034 span=-0.328 aligned=True  (28.6s)
a=32 r= 2 d=3 transmon_cal  signal= 0.915±-0.023 span=-0.268 aligned=False (14.1s)
a=32 r= 2 d=3 depolarizing  signal= 0.883±-0.026 span=-0.268 aligned=False (14.1s)
a=32 r= 2 d=5 transmon_cal  signal= 0.880±-0.021 span=-0.317 aligned=False (12.3s)
a=32 r= 2 d=5 depolarizing  signal= 0.894±-0.020 span=-0.317 aligned=False (12.5s)
all runs done in 358 s

        model  d  mean sig(usable)  mean succ  n_usable
 transmon_cal  2             0.439      0.310        16
 transmon_cal  3             0.621      0.363        16
 transmon_cal  5             0.862      0.429        16
 depolarizing  2             0.228      0.278        16
 depolarizing  3             0.521      0.338        16
 depolarizing  5             0.830      0.423        16

per r-class (signal, usable only; * = exact alignment):
  transmon_cal @ 0.003
    r= 2 (n_a=3):  d=2:   ----  d=3:   ----  d=5:   ----
    r= 5 (n_a=4):  d=2: 0.398   d=3: 0.676   d=5: 1.003*
    r=10 (n_a=12):  d=2: 0.453   d=3: 0.602   d=5: 0.815 
  depolarizing @ 0.005
    r= 2 (n_a=3):  d=2:   ----  d=3:   ----  d=5:   ----
    r= 5 (n_a=4):  d=2: 0.222   d=3: 0.546   d=5: 0.968*
    r=10 (n_a=12):  d=2: 0.230   d=3: 0.512   d=5: 0.784 

wrote /Volumes/External Home/Workspace/ai-qutrits/results/ensemble_a_n33.json
