d=2: m=6 w=5 D=64 r=6 qudits=11 layers=57.0 floor=0.1250 noiseless=0.2891
d=3: m=4 w=3 D=81 r=6 qudits=7 layers=26.0 floor=0.1235 noiseless=0.2876
d=5: m=3 w=2 D=125 r=6 qudits=5 layers=15.0 floor=0.1280 noiseless=0.3273
d=2 transmon      s=0.001  success=0.2579 signal= 0.810 (37.5s)
d=2 transmon      s=0.002  success=0.2311 signal= 0.646 (37.2s)
d=2 transmon      s=0.005  success=0.1713 signal= 0.282 (36.8s)
d=2 transmon      s=0.01   success=0.1150 signal=-0.061 (37.5s)
d=2 transmon      s=0.02   success=0.0703 signal=-0.333 (37.9s)
d=2 transmon      s=0.035  success=0.0471 signal=-0.475 (37.7s)
d=2 transmon      s=0.05   success=0.0332 signal=-0.560 (38.8s)
d=2 transmon_cal  s=0.001  success=0.2579 signal= 0.810 (38.2s)
d=2 transmon_cal  s=0.002  success=0.2311 signal= 0.646 (39.2s)
d=2 transmon_cal  s=0.005  success=0.1713 signal= 0.282 (37.6s)
d=2 transmon_cal  s=0.01   success=0.1150 signal=-0.061 (38.3s)
d=2 transmon_cal  s=0.02   success=0.0703 signal=-0.333 (37.7s)
d=2 transmon_cal  s=0.035  success=0.0471 signal=-0.475 (38.4s)
d=2 transmon_cal  s=0.05   success=0.0332 signal=-0.560 (38.5s)
d=2 depolarizing  s=0.001  success=0.2577 signal= 0.808 (39.0s)
d=2 depolarizing  s=0.002  success=0.2319 signal= 0.652 (40.5s)
d=2 depolarizing  s=0.005  success=0.1793 signal= 0.331 (41.4s)
d=2 depolarizing  s=0.01   success=0.1384 signal= 0.082 (40.7s)
d=2 depolarizing  s=0.02   success=0.1192 signal=-0.035 (41.4s)
d=2 depolarizing  s=0.035  success=0.1203 signal=-0.029 (41.5s)
d=2 depolarizing  s=0.05   success=0.1229 signal=-0.013 (41.2s)
d=3 transmon      s=0.001  success=0.2711 signal= 0.899 (18.6s)
d=3 transmon      s=0.002  success=0.2561 signal= 0.808 (18.0s)
d=3 transmon      s=0.005  success=0.2186 signal= 0.580 (18.9s)
d=3 transmon      s=0.01   success=0.1750 signal= 0.314 (19.0s)
d=3 transmon      s=0.02   success=0.1284 signal= 0.030 (19.1s)
d=3 transmon      s=0.035  success=0.1003 signal=-0.141 (19.0s)
d=3 transmon      s=0.05   success=0.0876 signal=-0.218 (19.4s)
d=3 transmon_cal  s=0.001  success=0.2712 signal= 0.900 (19.5s)
d=3 transmon_cal  s=0.002  success=0.2562 signal= 0.809 (19.7s)
d=3 transmon_cal  s=0.005  success=0.2184 signal= 0.578 (19.5s)
d=3 transmon_cal  s=0.01   success=0.1737 signal= 0.306 (19.2s)
d=3 transmon_cal  s=0.02   success=0.1253 signal= 0.011 (19.4s)
d=3 transmon_cal  s=0.035  success=0.0971 signal=-0.161 (19.0s)
d=3 transmon_cal  s=0.05   success=0.0855 signal=-0.231 (18.4s)
d=3 depolarizing  s=0.001  success=0.2750 signal= 0.923 (18.6s)
d=3 depolarizing  s=0.002  success=0.2633 signal= 0.852 (18.5s)
d=3 depolarizing  s=0.005  success=0.2330 signal= 0.667 (18.7s)
d=3 depolarizing  s=0.01   success=0.1954 signal= 0.438 (18.3s)
d=3 depolarizing  s=0.02   success=0.1517 signal= 0.172 (18.2s)
d=3 depolarizing  s=0.035  success=0.1260 signal= 0.016 (18.7s)
d=3 depolarizing  s=0.05   success=0.1190 signal=-0.027 (19.0s)
d=5 transmon      s=0.001  success=0.3030 signal= 0.878 (19.9s)
d=5 transmon      s=0.002  success=0.2818 signal= 0.772 (20.3s)
d=5 transmon      s=0.005  success=0.2328 signal= 0.526 (20.2s)
d=5 transmon      s=0.01   success=0.1836 signal= 0.279 (19.9s)
d=5 transmon      s=0.02   success=0.1421 signal= 0.071 (20.2s)
d=5 transmon      s=0.035  success=0.1253 signal=-0.013 (20.2s)
d=5 transmon      s=0.05   success=0.1201 signal=-0.040 (20.0s)
d=5 transmon_cal  s=0.001  success=0.3099 signal= 0.913 (19.7s)
d=5 transmon_cal  s=0.002  success=0.2940 signal= 0.833 (20.3s)
d=5 transmon_cal  s=0.005  success=0.2539 signal= 0.631 (20.5s)
d=5 transmon_cal  s=0.01   success=0.2068 signal= 0.395 (20.5s)
d=5 transmon_cal  s=0.02   success=0.1574 signal= 0.147 (20.4s)
d=5 transmon_cal  s=0.035  success=0.1321 signal= 0.021 (20.8s)
d=5 transmon_cal  s=0.05   success=0.1251 signal=-0.015 (20.2s)
d=5 depolarizing  s=0.001  success=0.3178 signal= 0.952 (19.9s)
d=5 depolarizing  s=0.002  success=0.3087 signal= 0.907 (20.5s)
d=5 depolarizing  s=0.005  success=0.2840 signal= 0.782 (19.9s)
d=5 depolarizing  s=0.01   success=0.2499 signal= 0.611 (20.1s)
d=5 depolarizing  s=0.02   success=0.2021 signal= 0.372 (20.2s)
d=5 depolarizing  s=0.035  success=0.1628 signal= 0.174 (20.6s)
d=5 depolarizing  s=0.05   success=0.1441 signal= 0.081 (19.9s)

wrote results/fair_demo.json
