N=21 a=4 r=3 d=2: D=64 grid=False floor=0.531 noiseless=0.652
N=21 a=4 r=3 d=3: D=81 grid=True  floor=0.543 noiseless=0.667
N=21 a=4 r=3 d=5: D=125 grid=False floor=0.592 noiseless=0.660
N=15 a=7 r=4 d=2: D=64 grid=True  floor=0.281 noiseless=0.500
N=15 a=7 r=4 d=3: D=81 grid=False floor=0.296 noiseless=0.491
N=15 a=7 r=4 d=5: D=125 grid=False floor=0.288 noiseless=0.493
N=33 a=4 r=5 d=2: D=64 grid=False floor=0.375 noiseless=0.750
N=33 a=4 r=5 d=3: D=81 grid=False floor=0.370 noiseless=0.757
N=33 a=4 r=5 d=5: D=125 grid=True  floor=0.512 noiseless=0.800
N=21 a=2 r=6 d=2: D=64 grid=False floor=0.125 noiseless=0.289
N=21 a=2 r=6 d=3: D=81 grid=False floor=0.123 noiseless=0.288
N=21 a=2 r=6 d=5: D=125 grid=False floor=0.128 noiseless=0.327
N=29 a=16 r=7 d=2: D=64 grid=False floor=0.219 noiseless=0.759
N=29 a=16 r=7 d=3: D=81 grid=False floor=0.198 noiseless=0.764
N=29 a=16 r=7 d=5: D=125 grid=False floor=0.256 noiseless=0.794
N=21 a= 4 r=3 transmon_cal  d=2 grid=False signal= 0.334±0.067 (8.7s)
N=21 a= 4 r=3 transmon_cal  d=3 grid=True  signal= 0.929±0.045 (3.2s)
N=21 a= 4 r=3 transmon_cal  d=5 grid=False signal= 0.606±0.079 (2.1s)
N=21 a= 4 r=3 depolarizing  d=2 grid=False signal= 0.176±0.064 (8.9s)
N=21 a= 4 r=3 depolarizing  d=3 grid=True  signal= 0.936±0.054 (3.4s)
N=21 a= 4 r=3 depolarizing  d=5 grid=False signal= 0.760±0.068 (2.5s)
N=15 a= 7 r=4 transmon_cal  d=2 grid=True  signal= 0.877±0.039 (6.3s)
N=15 a= 7 r=4 transmon_cal  d=3 grid=False signal= 0.811±0.020 (3.3s)
N=15 a= 7 r=4 transmon_cal  d=5 grid=False signal= 0.764±0.029 (2.6s)
N=15 a= 7 r=4 depolarizing  d=2 grid=True  signal= 0.833±0.047 (7.8s)
N=15 a= 7 r=4 depolarizing  d=3 grid=False signal= 0.695±0.033 (4.5s)
N=15 a= 7 r=4 depolarizing  d=5 grid=False signal= 0.753±0.030 (3.5s)
N=33 a= 4 r=5 transmon_cal  d=2 grid=False signal= 0.410±0.030 (19.2s)
N=33 a= 4 r=5 transmon_cal  d=3 grid=False signal= 0.684±0.024 (14.8s)
N=33 a= 4 r=5 transmon_cal  d=5 grid=True  signal= 1.004±0.014 (22.5s)
N=33 a= 4 r=5 depolarizing  d=2 grid=False signal= 0.225±0.026 (19.6s)
N=33 a= 4 r=5 depolarizing  d=3 grid=False signal= 0.522±0.030 (15.7s)
N=33 a= 4 r=5 depolarizing  d=5 grid=True  signal= 1.005±0.018 (23.5s)
N=21 a= 2 r=6 transmon_cal  d=2 grid=False signal= 0.500±0.029 (11.4s)
N=21 a= 2 r=6 transmon_cal  d=3 grid=False signal= 0.694±0.027 (9.3s)
N=21 a= 2 r=6 transmon_cal  d=5 grid=False signal= 0.798±0.028 (3.8s)
N=21 a= 2 r=6 depolarizing  d=2 grid=False signal= 0.353±0.030 (20.7s)
N=21 a= 2 r=6 depolarizing  d=3 grid=False signal= 0.718±0.035 (5.0s)
N=21 a= 2 r=6 depolarizing  d=5 grid=False signal= 0.800±0.022 (4.7s)
N=29 a=16 r=7 transmon_cal  d=2 grid=False signal= 0.470±0.024 (13.5s)
N=29 a=16 r=7 transmon_cal  d=3 grid=False signal= 0.613±0.023 (16.0s)
N=29 a=16 r=7 transmon_cal  d=5 grid=False signal= 0.674±0.025 (24.8s)
N=29 a=16 r=7 depolarizing  d=2 grid=False signal= 0.265±0.020 (14.9s)
N=29 a=16 r=7 depolarizing  d=3 grid=False signal= 0.539±0.024 (25.6s)
N=29 a=16 r=7 depolarizing  d=5 grid=False signal= 0.752±0.023 (25.8s)

wrote results/grid_alignment.json
