transmon_cal  uniform   d=2 n=4 bits= 4.00 layers=   46.0 signal= 0.762±0.007 (0.0s)
transmon_cal  uniform   d=2 n=6 bits= 6.00 layers=  138.0 signal= 0.344±0.012 (0.3s)
transmon_cal  uniform   d=2 n=8 bits= 8.00 layers=  398.0 signal= 0.036±0.002 (29.0s)
transmon_cal  uniform   d=3 n=3 bits= 4.75 layers=   43.0 signal= 0.720±0.006 (0.0s)
transmon_cal  uniform   d=3 n=4 bits= 6.34 layers=  102.0 signal= 0.369±0.010 (0.4s)
transmon_cal  uniform   d=3 n=5 bits= 7.92 layers=  221.0 signal= 0.089±0.007 (11.3s)
transmon_cal  uniform   d=5 n=2 bits= 4.64 layers=   26.0 signal= 0.773±0.005 (0.0s)
transmon_cal  uniform   d=5 n=3 bits= 6.97 layers=   93.0 signal= 0.291±0.008 (0.9s)
transmon_cal  uniform   d=5 n=4 bits= 9.29 layers=  284.0 signal= 0.014±0.001 (143.6s)
transmon_cal  ion       d=2 n=4 bits= 4.00 layers=   46.0 signal= 0.762±0.007 (0.0s)
transmon_cal  ion       d=2 n=6 bits= 6.00 layers=  138.0 signal= 0.344±0.012 (0.5s)
transmon_cal  ion       d=2 n=8 bits= 8.00 layers=  398.0 signal= 0.036±0.002 (28.9s)
transmon_cal  ion       d=3 n=3 bits= 4.75 layers=   59.0 signal= 0.638±0.007 (0.0s)
transmon_cal  ion       d=3 n=4 bits= 6.34 layers=  144.0 signal= 0.251±0.009 (0.7s)
transmon_cal  ion       d=3 n=5 bits= 7.92 layers=  317.0 signal= 0.038±0.004 (12.1s)
transmon_cal  ion       d=5 n=2 bits= 4.64 layers=   50.0 signal= 0.608±0.007 (0.0s)
transmon_cal  ion       d=5 n=3 bits= 6.97 layers=  201.0 signal= 0.081±0.004 (0.9s)
transmon_cal  ion       d=5 n=4 bits= 9.29 layers=  644.0 signal= 0.000±0.000 (143.8s)
transmon_cal  pavlidis  d=2 n=4 bits= 4.00 layers=   46.0 signal= 0.762±0.007 (0.1s)
transmon_cal  pavlidis  d=2 n=6 bits= 6.00 layers=  138.0 signal= 0.344±0.012 (0.8s)
transmon_cal  pavlidis  d=2 n=8 bits= 8.00 layers=  398.0 signal= 0.036±0.002 (31.7s)
transmon_cal  pavlidis  d=3 n=3 bits= 4.75 layers=   96.8 signal= 0.486±0.008 (0.0s)
transmon_cal  pavlidis  d=3 n=4 bits= 6.34 layers=  229.5 signal= 0.123±0.007 (0.5s)
transmon_cal  pavlidis  d=3 n=5 bits= 7.92 layers=  497.2 signal= 0.010±0.002 (12.5s)
transmon_cal  pavlidis  d=5 n=2 bits= 4.64 layers=  162.5 signal= 0.221±0.008 (0.0s)
transmon_cal  pavlidis  d=5 n=3 bits= 6.97 layers=  581.2 signal= 0.002±0.001 (0.9s)
transmon_cal  pavlidis  d=5 n=4 bits= 9.29 layers= 1775.0 signal=-0.001±0.000 (143.9s)
depolarizing  uniform   d=2 n=4 bits= 4.00 layers=   46.0 signal= 0.580±0.000 (0.0s)
depolarizing  uniform   d=2 n=6 bits= 6.00 layers=  138.0 signal= 0.114±0.000 (0.8s)
depolarizing  uniform   d=2 n=8 bits= 8.00 layers=  398.0 signal= 0.002±0.000 (31.4s)
depolarizing  uniform   d=3 n=3 bits= 4.75 layers=   43.0 signal= 0.621±0.000 (0.0s)
depolarizing  uniform   d=3 n=4 bits= 6.34 layers=  102.0 signal= 0.240±0.000 (0.7s)
depolarizing  uniform   d=3 n=5 bits= 7.92 layers=  221.0 signal= 0.028±0.000 (13.3s)
depolarizing  uniform   d=5 n=2 bits= 4.64 layers=   26.0 signal= 0.798±0.000 (0.0s)
depolarizing  uniform   d=5 n=3 bits= 6.97 layers=   93.0 signal= 0.316±0.000 (1.1s)
depolarizing  uniform   d=5 n=4 bits= 9.29 layers=  284.0 signal= 0.013±0.000 (144.0s)
depolarizing  ion       d=2 n=4 bits= 4.00 layers=   46.0 signal= 0.580±0.000 (0.0s)
depolarizing  ion       d=2 n=6 bits= 6.00 layers=  138.0 signal= 0.114±0.000 (1.6s)
depolarizing  ion       d=2 n=8 bits= 8.00 layers=  398.0 signal= 0.002±0.000 (45.7s)
depolarizing  ion       d=3 n=3 bits= 4.75 layers=   59.0 signal= 0.521±0.000 (0.0s)
depolarizing  ion       d=3 n=4 bits= 6.34 layers=  144.0 signal= 0.138±0.000 (1.3s)
depolarizing  ion       d=3 n=5 bits= 7.92 layers=  317.0 signal= 0.008±0.000 (20.5s)
depolarizing  ion       d=5 n=2 bits= 4.64 layers=   50.0 signal= 0.649±0.000 (0.0s)
depolarizing  ion       d=5 n=3 bits= 6.97 layers=  201.0 signal= 0.090±0.000 (1.9s)
depolarizing  ion       d=5 n=4 bits= 9.29 layers=  644.0 signal= 0.000±0.000 (141.0s)
depolarizing  pavlidis  d=2 n=4 bits= 4.00 layers=   46.0 signal= 0.580±0.000 (0.0s)
depolarizing  pavlidis  d=2 n=6 bits= 6.00 layers=  138.0 signal= 0.114±0.000 (1.5s)
depolarizing  pavlidis  d=2 n=8 bits= 8.00 layers=  398.0 signal= 0.002±0.000 (44.5s)
depolarizing  pavlidis  d=3 n=3 bits= 4.75 layers=   96.8 signal= 0.349±0.000 (0.0s)
depolarizing  pavlidis  d=3 n=4 bits= 6.34 layers=  229.5 signal= 0.049±0.000 (1.3s)
depolarizing  pavlidis  d=3 n=5 bits= 7.92 layers=  497.2 signal= 0.001±0.000 (19.8s)
depolarizing  pavlidis  d=5 n=2 bits= 4.64 layers=  162.5 signal= 0.254±0.000 (0.0s)
depolarizing  pavlidis  d=5 n=3 bits= 6.97 layers=  581.2 signal= 0.002±0.000 (1.8s)
depolarizing  pavlidis  d=5 n=4 bits= 9.29 layers= 1775.0 signal= 0.000±0.000 (137.0s)

wrote results/grover_cost.json
