=== A. scaling (uniform cost) ===
transmon_cal  d=2 n=4 M=  16 bits= 4.00 T= 3 layers=    46 signal= 0.762±0.007 (0.0s)
transmon_cal  d=2 n=6 M=  64 bits= 6.00 T= 6 layers=   138 signal= 0.344±0.012 (0.4s)
transmon_cal  d=2 n=8 M= 256 bits= 8.00 T=13 layers=   398 signal= 0.036±0.002 (27.8s)
transmon_cal  d=3 n=3 M=  27 bits= 4.75 T= 4 layers=    43 signal= 0.720±0.006 (0.0s)
transmon_cal  d=3 n=4 M=  81 bits= 6.34 T= 7 layers=   102 signal= 0.369±0.010 (0.5s)
transmon_cal  d=3 n=5 M= 243 bits= 7.92 T=12 layers=   221 signal= 0.089±0.007 (11.7s)
transmon_cal  d=5 n=2 M=  25 bits= 4.64 T= 4 layers=    26 signal= 0.773±0.005 (0.0s)
transmon_cal  d=5 n=3 M= 125 bits= 6.97 T= 9 layers=    93 signal= 0.291±0.008 (0.9s)
transmon_cal  d=5 n=4 M= 625 bits= 9.29 T=20 layers=   284 signal= 0.014±0.001 (135.8s)
depolarizing  d=2 n=4 M=  16 bits= 4.00 T= 3 layers=    46 signal= 0.580±0.000 (0.0s)
depolarizing  d=2 n=6 M=  64 bits= 6.00 T= 6 layers=   138 signal= 0.114±0.000 (0.5s)
depolarizing  d=2 n=8 M= 256 bits= 8.00 T=13 layers=   398 signal= 0.002±0.000 (28.8s)
depolarizing  d=3 n=3 M=  27 bits= 4.75 T= 4 layers=    43 signal= 0.621±0.000 (0.0s)
depolarizing  d=3 n=4 M=  81 bits= 6.34 T= 7 layers=   102 signal= 0.240±0.000 (0.6s)
depolarizing  d=3 n=5 M= 243 bits= 7.92 T=12 layers=   221 signal= 0.028±0.000 (11.3s)
depolarizing  d=5 n=2 M=  25 bits= 4.64 T= 4 layers=    26 signal= 0.798±0.000 (0.0s)
depolarizing  d=5 n=3 M= 125 bits= 6.97 T= 9 layers=    93 signal= 0.316±0.000 (0.9s)
depolarizing  d=5 n=4 M= 625 bits= 9.29 T=20 layers=   284 signal= 0.013±0.000 (132.2s)

=== B. cost sensitivity (demo size) ===
transmon_cal  uniform   d=2 s=0.002  layers=  138.0 signal= 0.492±0.010 (0.5s)
transmon_cal  uniform   d=3 s=0.002  layers=  102.0 signal= 0.515±0.008 (0.6s)
transmon_cal  uniform   d=5 s=0.002  layers=   93.0 signal= 0.443±0.008 (1.1s)
transmon_cal  uniform   d=2 s=0.005  layers=  138.0 signal= 0.193±0.009 (0.6s)
transmon_cal  uniform   d=3 s=0.005  layers=  102.0 signal= 0.208±0.008 (0.6s)
transmon_cal  uniform   d=5 s=0.005  layers=   93.0 signal= 0.147±0.006 (1.1s)
transmon_cal  uniform   d=2 s=0.01   layers=  138.0 signal= 0.055±0.006 (0.7s)
transmon_cal  uniform   d=3 s=0.01   layers=  102.0 signal= 0.057±0.004 (0.5s)
transmon_cal  uniform   d=5 s=0.01   layers=   93.0 signal= 0.031±0.002 (1.0s)
transmon_cal  ion       d=2 s=0.002  layers=  138.0 signal= 0.492±0.010 (0.5s)
transmon_cal  ion       d=3 s=0.002  layers=  144.0 signal= 0.396±0.009 (0.5s)
transmon_cal  ion       d=5 s=0.002  layers=  201.0 signal= 0.183±0.007 (1.4s)
transmon_cal  ion       d=2 s=0.005  layers=  138.0 signal= 0.193±0.009 (0.5s)
transmon_cal  ion       d=3 s=0.005  layers=  144.0 signal= 0.117±0.006 (0.7s)
transmon_cal  ion       d=5 s=0.005  layers=  201.0 signal= 0.024±0.002 (1.3s)
transmon_cal  ion       d=2 s=0.01   layers=  138.0 signal= 0.055±0.006 (0.5s)
transmon_cal  ion       d=3 s=0.01   layers=  144.0 signal= 0.023±0.003 (0.7s)
transmon_cal  ion       d=5 s=0.01   layers=  201.0 signal= 0.002±0.001 (1.1s)
transmon_cal  pavlidis  d=2 s=0.002  layers=  138.0 signal= 0.492±0.010 (0.7s)
transmon_cal  pavlidis  d=3 s=0.002  layers=  229.5 signal= 0.240±0.008 (0.6s)
transmon_cal  pavlidis  d=5 s=0.002  layers=  581.2 signal= 0.016±0.002 (1.1s)
transmon_cal  pavlidis  d=2 s=0.005  layers=  138.0 signal= 0.193±0.009 (0.8s)
transmon_cal  pavlidis  d=3 s=0.005  layers=  229.5 signal= 0.043±0.004 (0.7s)
transmon_cal  pavlidis  d=5 s=0.005  layers=  581.2 signal= 0.000±0.001 (1.4s)
transmon_cal  pavlidis  d=2 s=0.01   layers=  138.0 signal= 0.055±0.006 (0.9s)
transmon_cal  pavlidis  d=3 s=0.01   layers=  229.5 signal= 0.004±0.002 (0.8s)
transmon_cal  pavlidis  d=5 s=0.01   layers=  581.2 signal=-0.001±0.001 (1.0s)
depolarizing  uniform   d=2 s=0.002  layers=  138.0 signal= 0.399±0.000 (0.8s)
depolarizing  uniform   d=3 s=0.002  layers=  102.0 signal= 0.556±0.000 (0.7s)
depolarizing  uniform   d=5 s=0.002  layers=   93.0 signal= 0.627±0.000 (1.0s)
depolarizing  uniform   d=2 s=0.005  layers=  138.0 signal= 0.114±0.000 (0.8s)
depolarizing  uniform   d=3 s=0.005  layers=  102.0 signal= 0.240±0.000 (0.7s)
depolarizing  uniform   d=5 s=0.005  layers=   93.0 signal= 0.316±0.000 (1.1s)
depolarizing  uniform   d=2 s=0.01   layers=  138.0 signal= 0.019±0.000 (0.8s)
depolarizing  uniform   d=3 s=0.01   layers=  102.0 signal= 0.065±0.000 (0.7s)
depolarizing  uniform   d=5 s=0.01   layers=   93.0 signal= 0.106±0.000 (1.3s)
depolarizing  ion       d=2 s=0.002  layers=  138.0 signal= 0.399±0.000 (0.9s)
depolarizing  ion       d=3 s=0.002  layers=  144.0 signal= 0.439±0.000 (0.7s)
depolarizing  ion       d=5 s=0.002  layers=  201.0 signal= 0.369±0.000 (1.1s)
depolarizing  ion       d=2 s=0.005  layers=  138.0 signal= 0.114±0.000 (0.8s)
depolarizing  ion       d=3 s=0.005  layers=  144.0 signal= 0.138±0.000 (0.7s)
depolarizing  ion       d=5 s=0.005  layers=  201.0 signal= 0.090±0.000 (1.2s)
depolarizing  ion       d=2 s=0.01   layers=  138.0 signal= 0.019±0.000 (0.8s)
depolarizing  ion       d=3 s=0.01   layers=  144.0 signal= 0.025±0.000 (0.7s)
depolarizing  ion       d=5 s=0.01   layers=  201.0 signal= 0.011±0.000 (1.3s)
depolarizing  pavlidis  d=2 s=0.002  layers=  138.0 signal= 0.399±0.000 (0.9s)
depolarizing  pavlidis  d=3 s=0.002  layers=  229.5 signal= 0.275±0.000 (0.7s)
depolarizing  pavlidis  d=5 s=0.002  layers=  581.2 signal= 0.064±0.000 (1.4s)
depolarizing  pavlidis  d=2 s=0.005  layers=  138.0 signal= 0.114±0.000 (0.9s)
depolarizing  pavlidis  d=3 s=0.005  layers=  229.5 signal= 0.049±0.000 (0.9s)
depolarizing  pavlidis  d=5 s=0.005  layers=  581.2 signal= 0.002±0.000 (1.2s)
depolarizing  pavlidis  d=2 s=0.01   layers=  138.0 signal= 0.019±0.000 (0.7s)
depolarizing  pavlidis  d=3 s=0.01   layers=  229.5 signal= 0.005±0.000 (0.7s)
depolarizing  pavlidis  d=5 s=0.01   layers=  581.2 signal= 0.000±0.000 (1.1s)

wrote results/grover.json
