11 noiseless baselines, 1000 traj/point
depolarizing           d=2 m= 6 signal= 0.390±0.013 (14.9s)
depolarizing           d=2 m= 8 signal= 0.269±0.011 (60.0s)
depolarizing           d=2 m=10 signal= 0.183±0.009 (695.0s)
depolarizing           d=2 m=12 signal= 0.134±0.011 (4303.0s)
depolarizing           d=3 m= 4 signal= 0.676±0.013 (8.6s)
depolarizing           d=3 m= 5 signal= 0.559±0.014 (26.7s)
depolarizing           d=3 m= 6 signal= 0.537±0.014 (170.8s)
depolarizing           d=3 m= 7 signal= 0.460±0.014 (1847.6s)
depolarizing           d=5 m= 3 signal= 0.816±0.011 (8.1s)
depolarizing           d=5 m= 4 signal= 0.742±0.013 (57.4s)
depolarizing           d=5 m= 5 signal= 0.697±0.013 (870.0s)
transmon               d=2 m= 6 signal= 0.588±0.014 (17.7s)
transmon               d=2 m= 8 signal= 0.403±0.013 (117.8s)
transmon               d=2 m=10 signal= 0.321±0.012 (871.3s)
transmon               d=2 m=12 signal= 0.238±0.015 (4268.5s)
transmon               d=3 m= 4 signal= 0.694±0.013 (21.4s)
transmon               d=3 m= 5 signal= 0.602±0.014 (89.5s)
transmon               d=3 m= 6 signal= 0.542±0.013 (275.6s)
transmon               d=3 m= 7 signal= 0.477±0.013 (1510.9s)
transmon               d=5 m= 3 signal= 0.747±0.013 (10.7s)
transmon               d=5 m= 4 signal= 0.680±0.013 (61.1s)
transmon               d=5 m= 5 signal= 0.574±0.013 (714.6s)
transmon_cal           d=2 m= 6 signal= 0.576±0.014 (15.6s)
transmon_cal           d=2 m= 8 signal= 0.410±0.013 (145.3s)
transmon_cal           d=2 m=10 signal= 0.322±0.012 (638.1s)
transmon_cal           d=2 m=12 signal= 0.221±0.014 (3731.8s)
transmon_cal           d=3 m= 4 signal= 0.735±0.012 (14.9s)
transmon_cal           d=3 m= 5 signal= 0.614±0.014 (48.4s)
transmon_cal           d=3 m= 6 signal= 0.569±0.014 (175.0s)
transmon_cal           d=3 m= 7 signal= 0.508±0.013 (1505.2s)
transmon_cal           d=5 m= 3 signal= 0.804±0.011 (7.8s)
transmon_cal           d=5 m= 4 signal= 0.747±0.012 (51.6s)
transmon_cal           d=5 m= 5 signal= 0.681±0.013 (634.9s)
transmon_cal_lowcharge d=2 m= 6 signal= 0.692±0.012 (13.9s)
transmon_cal_lowcharge d=2 m= 8 signal= 0.545±0.013 (113.7s)
transmon_cal_lowcharge d=2 m=10 signal= 0.454±0.012 (785.9s)
transmon_cal_lowcharge d=2 m=12 signal= 0.363±0.016 (3637.2s)
transmon_cal_lowcharge d=3 m= 4 signal= 0.840±0.010 (16.0s)
transmon_cal_lowcharge d=3 m= 5 signal= 0.800±0.010 (47.9s)
transmon_cal_lowcharge d=3 m= 6 signal= 0.774±0.010 (193.8s)
transmon_cal_lowcharge d=3 m= 7 signal= 0.704±0.011 (1306.7s)
transmon_cal_lowcharge d=5 m= 3 signal= 0.929±0.007 (8.2s)
transmon_cal_lowcharge d=5 m= 4 signal= 0.898±0.007 (51.6s)
transmon_cal_lowcharge d=5 m= 5 signal= 0.878±0.008 (660.4s)

wrote results/qpe_hires_1000.json
