baselines computed
shor  transmon_cal  d=2 eps=0      success=0.2081 signal= 0.506 (57.7s)
shor  transmon_cal  d=2 eps=0.005  success=0.2033 signal= 0.501 (57.0s)
shor  transmon_cal  d=2 eps=0.01   success=0.1987 signal= 0.496 (56.2s)
shor  transmon_cal  d=2 eps=0.02   success=0.1900 signal= 0.484 (57.2s)
shor  transmon_cal  d=2 eps=0.04   success=0.1740 signal= 0.454 (62.9s)
shor  transmon_cal  d=3 eps=0      success=0.2425 signal= 0.725 (24.4s)
shor  transmon_cal  d=3 eps=0.005  success=0.2370 signal= 0.723 (24.5s)
shor  transmon_cal  d=3 eps=0.01   success=0.2316 signal= 0.721 (24.8s)
shor  transmon_cal  d=3 eps=0.02   success=0.2213 signal= 0.717 (26.6s)
shor  transmon_cal  d=3 eps=0.04   success=0.2019 signal= 0.707 (27.1s)
shor  transmon_cal  d=5 eps=0      success=0.2794 signal= 0.760 (29.0s)
shor  transmon_cal  d=5 eps=0.005  success=0.2717 signal= 0.757 (23.8s)
shor  transmon_cal  d=5 eps=0.01   success=0.2642 signal= 0.755 (23.0s)
shor  transmon_cal  d=5 eps=0.02   success=0.2494 signal= 0.750 (22.6s)
shor  transmon_cal  d=5 eps=0.04   success=0.2210 signal= 0.735 (21.1s)
shor  depolarizing  d=2 eps=0      success=0.1793 signal= 0.331 (45.9s)
shor  depolarizing  d=2 eps=0.005  success=0.1761 signal= 0.327 (46.6s)
shor  depolarizing  d=2 eps=0.01   success=0.1731 signal= 0.323 (46.9s)
shor  depolarizing  d=2 eps=0.02   success=0.1672 signal= 0.315 (46.1s)
shor  depolarizing  d=2 eps=0.04   success=0.1564 signal= 0.292 (50.2s)
shor  depolarizing  d=3 eps=0      success=0.2330 signal= 0.667 (20.6s)
shor  depolarizing  d=3 eps=0.005  success=0.2280 signal= 0.666 (20.9s)
shor  depolarizing  d=3 eps=0.01   success=0.2231 signal= 0.665 (21.7s)
shor  depolarizing  d=3 eps=0.02   success=0.2138 signal= 0.662 (22.7s)
shor  depolarizing  d=3 eps=0.04   success=0.1963 signal= 0.656 (22.6s)
shor  depolarizing  d=5 eps=0      success=0.2840 signal= 0.782 (23.4s)
shor  depolarizing  d=5 eps=0.005  success=0.2762 signal= 0.781 (25.4s)
shor  depolarizing  d=5 eps=0.01   success=0.2686 signal= 0.779 (25.1s)
shor  depolarizing  d=5 eps=0.02   success=0.2536 signal= 0.776 (25.5s)
shor  depolarizing  d=5 eps=0.04   success=0.2248 signal= 0.765 (25.4s)
qpe   transmon_cal  d=2 eps=0      success=0.4839 signal= 0.577 (12.4s)
qpe   transmon_cal  d=2 eps=0.005  success=0.4649 signal= 0.578 (12.4s)
qpe   transmon_cal  d=2 eps=0.01   success=0.4466 signal= 0.579 (12.1s)
qpe   transmon_cal  d=2 eps=0.02   success=0.4118 signal= 0.581 (12.6s)
qpe   transmon_cal  d=2 eps=0.04   success=0.3490 signal= 0.586 (12.5s)
qpe   transmon_cal  d=3 eps=0      success=0.7210 signal= 0.714 (23.0s)
qpe   transmon_cal  d=3 eps=0.005  success=0.6968 signal= 0.714 (23.2s)
qpe   transmon_cal  d=3 eps=0.01   success=0.6731 signal= 0.715 (23.5s)
qpe   transmon_cal  d=3 eps=0.02   success=0.6274 signal= 0.715 (23.9s)
qpe   transmon_cal  d=3 eps=0.04   success=0.5422 signal= 0.717 (24.3s)
qpe   transmon_cal  d=5 eps=0      success=0.7735 signal= 0.809 (26.5s)
qpe   transmon_cal  d=5 eps=0.005  success=0.7546 signal= 0.810 (25.9s)
qpe   transmon_cal  d=5 eps=0.01   success=0.7359 signal= 0.810 (26.4s)
qpe   transmon_cal  d=5 eps=0.02   success=0.6989 signal= 0.811 (26.6s)
qpe   transmon_cal  d=5 eps=0.04   success=0.6269 signal= 0.813 (25.7s)
qpe   depolarizing  d=2 eps=0      success=0.3420 signal= 0.396 (12.6s)
qpe   depolarizing  d=2 eps=0.005  success=0.3293 signal= 0.397 (13.0s)
qpe   depolarizing  d=2 eps=0.01   success=0.3171 signal= 0.398 (12.8s)
qpe   depolarizing  d=2 eps=0.02   success=0.2937 signal= 0.401 (12.9s)
qpe   depolarizing  d=2 eps=0.04   success=0.2516 signal= 0.406 (12.7s)
qpe   depolarizing  d=3 eps=0      success=0.6643 signal= 0.655 (24.7s)
qpe   depolarizing  d=3 eps=0.005  success=0.6424 signal= 0.655 (24.8s)
qpe   depolarizing  d=3 eps=0.01   success=0.6210 signal= 0.656 (24.9s)
qpe   depolarizing  d=3 eps=0.02   success=0.5796 signal= 0.658 (24.4s)
qpe   depolarizing  d=3 eps=0.04   success=0.5024 signal= 0.661 (24.7s)
qpe   depolarizing  d=5 eps=0      success=0.7834 signal= 0.820 (26.8s)
qpe   depolarizing  d=5 eps=0.005  success=0.7643 signal= 0.820 (26.4s)
qpe   depolarizing  d=5 eps=0.01   success=0.7453 signal= 0.821 (26.6s)
qpe   depolarizing  d=5 eps=0.02   success=0.7078 signal= 0.822 (24.4s)
qpe   depolarizing  d=5 eps=0.04   success=0.6346 signal= 0.823 (23.1s)

wrote results/spam.json
